Component: ARM Compiler 5.06 update 6 (build 750) Tool: armlink [4d35ed]

==============================================================================

Section Cross References

    startup_stm32f103xb.o(STACK) refers (Special) to heapauxi.o(.text) for __use_two_region_memory
    startup_stm32f103xb.o(HEAP) refers (Special) to heapauxi.o(.text) for __use_two_region_memory
    startup_stm32f103xb.o(RESET) refers (Special) to heapauxi.o(.text) for __use_two_region_memory
    startup_stm32f103xb.o(RESET) refers to startup_stm32f103xb.o(STACK) for __initial_sp
    startup_stm32f103xb.o(RESET) refers to startup_stm32f103xb.o(.text) for Reset_Handler
    startup_stm32f103xb.o(RESET) refers to stm32f1xx_it.o(i.NMI_Handler) for NMI_Handler
    startup_stm32f103xb.o(RESET) refers to stm32f1xx_it.o(i.HardFault_Handler) for HardFault_Handler
    startup_stm32f103xb.o(RESET) refers to stm32f1xx_it.o(i.MemManage_Handler) for MemManage_Handler
    startup_stm32f103xb.o(RESET) refers to stm32f1xx_it.o(i.BusFault_Handler) for BusFault_Handler
    startup_stm32f103xb.o(RESET) refers to stm32f1xx_it.o(i.UsageFault_Handler) for UsageFault_Handler
    startup_stm32f103xb.o(RESET) refers to port.o(.emb_text) for SVC_Handler
    startup_stm32f103xb.o(RESET) refers to stm32f1xx_it.o(i.DebugMon_Handler) for DebugMon_Handler
    startup_stm32f103xb.o(RESET) refers to port.o(i.SysTick_Handler) for SysTick_Handler
    startup_stm32f103xb.o(RESET) refers to stm32f1xx_it.o(i.DMA1_Channel4_IRQHandler) for DMA1_Channel4_IRQHandler
    startup_stm32f103xb.o(RESET) refers to stm32f1xx_it.o(i.TIM4_IRQHandler) for TIM4_IRQHandler
    startup_stm32f103xb.o(RESET) refers to stm32f1xx_it.o(i.USART1_IRQHandler) for USART1_IRQHandler
    startup_stm32f103xb.o(.text) refers (Special) to heapauxi.o(.text) for __use_two_region_memory
    startup_stm32f103xb.o(.text) refers to system_stm32f1xx.o(i.SystemInit) for SystemInit
    startup_stm32f103xb.o(.text) refers to __main.o(!!!main) for __main
    startup_stm32f103xb.o(.text) refers to startup_stm32f103xb.o(HEAP) for Heap_Mem
    startup_stm32f103xb.o(.text) refers to startup_stm32f103xb.o(STACK) for Stack_Mem
    main.o(i.HAL_TIM_PeriodElapsedCallback) refers to stm32f1xx_hal.o(i.HAL_IncTick) for HAL_IncTick
    main.o(i.HAL_UART_TxCpltCallback) refers to usart.o(.bss) for huart1
    main.o(i.HAL_UART_TxCpltCallback) refers to main.o(.data) for .data
    main.o(i.SystemClock_Config) refers to rt_memclr_w.o(.text) for __aeabi_memclr4
    main.o(i.SystemClock_Config) refers to stm32f1xx_hal_rcc.o(i.HAL_RCC_OscConfig) for HAL_RCC_OscConfig
    main.o(i.SystemClock_Config) refers to stm32f1xx_hal_rcc.o(i.HAL_RCC_ClockConfig) for HAL_RCC_ClockConfig
    main.o(i.main) refers to stm32f1xx_hal.o(i.HAL_Init) for HAL_Init
    main.o(i.main) refers to main.o(i.SystemClock_Config) for SystemClock_Config
    main.o(i.main) refers to gpio.o(i.MX_GPIO_Init) for MX_GPIO_Init
    main.o(i.main) refers to dma.o(i.MX_DMA_Init) for MX_DMA_Init
    main.o(i.main) refers to i2c.o(i.MX_I2C1_Init) for MX_I2C1_Init
    main.o(i.main) refers to usart.o(i.MX_USART1_UART_Init) for MX_USART1_UART_Init
    main.o(i.main) refers to freertos.o(i.MX_FREERTOS_Init) for MX_FREERTOS_Init
    main.o(i.main) refers to cmsis_os.o(i.osKernelStart) for osKernelStart
    main.o(i.uart_printf) refers to rt_memclr.o(.text) for __aeabi_memclr
    main.o(i.uart_printf) refers to vsnprintf.o(.text) for vsnprintf
    main.o(i.uart_printf) refers to stm32f1xx_hal_uart.o(i.HAL_UART_GetState) for HAL_UART_GetState
    main.o(i.uart_printf) refers to stm32f1xx_hal_uart.o(i.HAL_UART_Transmit_DMA) for HAL_UART_Transmit_DMA
    main.o(i.uart_printf) refers to main.o(.bss) for .bss
    main.o(i.uart_printf) refers to main.o(.data) for .data
    main.o(i.uart_printf) refers to usart.o(.bss) for huart1
    gpio.o(i.MX_GPIO_Init) refers to stm32f1xx_hal_gpio.o(i.HAL_GPIO_WritePin) for HAL_GPIO_WritePin
    gpio.o(i.MX_GPIO_Init) refers to stm32f1xx_hal_gpio.o(i.HAL_GPIO_Init) for HAL_GPIO_Init
    freertos.o(i.MX_FREERTOS_Init) refers to cmsis_os.o(i.osMessageCreate) for osMessageCreate
    freertos.o(i.MX_FREERTOS_Init) refers to rt_memcpy_w.o(.text) for __aeabi_memcpy4
    freertos.o(i.MX_FREERTOS_Init) refers to cmsis_os.o(i.osThreadCreate) for osThreadCreate
    freertos.o(i.MX_FREERTOS_Init) refers to freertos.o(.constdata) for .constdata
    freertos.o(i.MX_FREERTOS_Init) refers to freertos.o(.data) for .data
    freertos.o(i.Read_GPIO_Bitmap) refers to stm32f1xx_hal_gpio.o(i.HAL_GPIO_ReadPin) for HAL_GPIO_ReadPin
    freertos.o(i.StartDefaultTask) refers to freertos.o(i.Read_GPIO_Bitmap) for Read_GPIO_Bitmap
    freertos.o(i.StartDefaultTask) refers to cmsis_os.o(i.osMessagePut) for osMessagePut
    freertos.o(i.StartDefaultTask) refers to main.o(i.uart_printf) for uart_printf
    freertos.o(i.StartDefaultTask) refers to cmsis_os.o(i.osDelay) for osDelay
    freertos.o(i.StartDefaultTask) refers to freertos.o(.data) for .data
[...]
    i.xTaskCreateStatic                      0x08004b2c   Section        0  tasks.o(i.xTaskCreateStatic)
    i.xTaskGetSchedulerState                 0x08004b8c   Section        0  tasks.o(i.xTaskGetSchedulerState)
    i.xTaskIncrementTick                     0x08004ba8   Section        0  tasks.o(i.xTaskIncrementTick)
    i.xTaskPriorityDisinherit                0x08004c7c   Section        0  tasks.o(i.xTaskPriorityDisinherit)
    i.xTaskRemoveFromEventList               0x08004d18   Section        0  tasks.o(i.xTaskRemoveFromEventList)
    i.xTaskResumeAll                         0x08004d90   Section        0  tasks.o(i.xTaskResumeAll)
    locale$$code                             0x08004e5c   Section       44  lc_numeric_c.o(locale$$code)
    locale$$code                             0x08004e88   Section       44  lc_ctype_c.o(locale$$code)
    x$fpl$printf1                            0x08004eb4   Section        4  printf1.o(x$fpl$printf1)
    x$fpl$printf2                            0x08004eb8   Section        4  printf2.o(x$fpl$printf2)
    .constdata                               0x08004ebc   Section       72  freertos.o(.constdata)
    x$fpl$usenofp                            0x08004ebc   Section        0  usenofp.o(x$fpl$usenofp)
    .constdata                               0x08004f04   Section       18  stm32f1xx_hal_rcc.o(.constdata)
    aPredivFactorTable                       0x08004f04   Data           2  stm32f1xx_hal_rcc.o(.constdata)
    aPLLMULFactorTable                       0x08004f06   Data          16  stm32f1xx_hal_rcc.o(.constdata)
    .constdata                               0x08004f16   Section       16  system_stm32f1xx.o(.constdata)
    .constdata                               0x08004f26   Section        8  system_stm32f1xx.o(.constdata)
    .constdata                               0x08004f30   Section        8  _printf_wctomb.o(.constdata)
    initial_mbstate                          0x08004f30   Data           8  _printf_wctomb.o(.constdata)
    .constdata                               0x08004f38   Section       40  _printf_hex_int_ll_ptr.o(.constdata)
    uc_hextab                                0x08004f38   Data          20  _printf_hex_int_ll_ptr.o(.constdata)
    lc_hextab                                0x08004f4c   Data          20  _printf_hex_int_ll_ptr.o(.constdata)
    .constdata                               0x08004f60   Section       17  __printf_flags_ss_wp.o(.constdata)
    maptable                                 0x08004f60   Data          17  __printf_flags_ss_wp.o(.constdata)
    .constdata                               0x08004f71   Section       38  _printf_fp_hex.o(.constdata)
    lc_hextab                                0x08004f71   Data          19  _printf_fp_hex.o(.constdata)
    uc_hextab                                0x08004f84   Data          19  _printf_fp_hex.o(.constdata)
    .constdata                               0x08004f98   Section      148  bigflt0.o(.constdata)
    tenpwrs_x                                0x08004f98   Data          60  bigflt0.o(.constdata)
    tenpwrs_i                                0x08004fd4   Data          64  bigflt0.o(.constdata)
    .conststring                             0x0800502c   Section       25  freertos.o(.conststring)
    locale$$data                             0x08005068   Section       28  lc_numeric_c.o(locale$$data)
    __lcnum_c_name                           0x0800506c   Data           2  lc_numeric_c.o(locale$$data)
    __lcnum_c_start                          0x08005074   Data           0  lc_numeric_c.o(locale$$data)
    __lcnum_c_point                          0x08005080   Data           0  lc_numeric_c.o(locale$$data)
    __lcnum_c_thousands                      0x08005082   Data           0  lc_numeric_c.o(locale$$data)
    __lcnum_c_grouping                       0x08005083   Data           0  lc_numeric_c.o(locale$$data)
    locale$$data                             0x08005084   Section      272  lc_ctype_c.o(locale$$data)
    __lcnum_c_end                            0x08005084   Data           0  lc_numeric_c.o(locale$$data)
    __lcctype_c_name                         0x08005088   Data           2  lc_ctype_c.o(locale$$data)
    __lcctype_c_start                        0x08005090   Data           0  lc_ctype_c.o(locale$$data)
    __lcctype_c_end                          0x08005194   Data           0  lc_ctype_c.o(locale$$data)
    .data                                    0x20000000   Section        1  main.o(.data)
    uart_dma_busy                            0x20000000   Data           1  main.o(.data)
    .data                                    0x20000004   Section       24  freertos.o(.data)
    read_count                               0x20000004   Data           4  freertos.o(.data)
    send_count                               0x20000008   Data           4  freertos.o(.data)
    queue_empty_count                        0x2000000c   Data           4  freertos.o(.data)
    .data                                    0x2000001c   Section       12  stm32f1xx_hal.o(.data)
    .data                                    0x20000028   Section        4  system_stm32f1xx.o(.data)
    .data                                    0x2000002c   Section       60  tasks.o(.data)
    uxDeletedTasksWaitingCleanUp             0x20000030   Data           4  tasks.o(.data)
    uxCurrentNumberOfTasks                   0x20000034   Data           4  tasks.o(.data)
    xTickCount                               0x20000038   Data           4  tasks.o(.data)
    uxTopReadyPriority                       0x2000003c   Data           4  tasks.o(.data)
    xSchedulerRunning                        0x20000040   Data           4  tasks.o(.data)
    xPendedTicks                             0x20000044   Data           4  tasks.o(.data)
    xYieldPending                            0x20000048   Data           4  tasks.o(.data)
    xNumOfOverflows                          0x2000004c   Data           4  tasks.o(.data)
    uxTaskNumber                             0x20000050   Data           4  tasks.o(.data)
    xNextTaskUnblockTime                     0x20000054   Data           4  tasks.o(.data)
    xIdleTaskHandle                          0x20000058   Data           4  tasks.o(.data)
    uxSchedulerSuspended                     0x2000005c   Data           4  tasks.o(.data)
    pxDelayedTaskList                        0x20000060   Data           4  tasks.o(.data)
    pxOverflowDelayedTaskList                0x20000064   Data           4  tasks.o(.data)
    .data                                    0x20000068   Section       32  heap_4.o(.data)
    pxEnd                                    0x20000068   Data           4  heap_4.o(.data)
    xFreeBytesRemaining                      0x2000006c   Data           4  heap_4.o(.data)
    xMinimumEverFreeBytesRemaining           0x20000070   Data           4  heap_4.o(.data)
    xNumberOfSuccessfulAllocations           0x20000074   Data           4  heap_4.o(.data)
    xNumberOfSuccessfulFrees                 0x20000078   Data           4  heap_4.o(.data)
    xBlockAllocatedBit                       0x2000007c   Data           4  heap_4.o(.data)
    xStart                                   0x20000080   Data           8  heap_4.o(.data)
    .data                                    0x20000088   Section       12  port.o(.data)
    ucMaxSysCallPriority                     0x20000088   Data           1  port.o(.data)
    uxCriticalNesting                        0x2000008c   Data           4  port.o(.data)
    ulMaxPRIGROUPValue                       0x20000090   Data           4  port.o(.data)
    .bss                                     0x20000094   Section      100  main.o(.bss)
    .bss                                     0x200000f8   Section      596  freertos.o(.bss)
    xIdleTaskTCBBuffer                       0x200000f8   Data          84  freertos.o(.bss)
    xIdleStack                               0x2000014c   Data         512  freertos.o(.bss)
    .bss                                     0x2000034c   Section       84  i2c.o(.bss)
    .bss                                     0x200003a0   Section      140  usart.o(.bss)
    .bss                                     0x2000042c   Section       72  stm32f1xx_hal_timebase_tim.o(.bss)
    .bss                                     0x20000474   Section      240  tasks.o(.bss)
    pxReadyTasksLists                        0x20000474   Data         140  tasks.o(.bss)
    xDelayedTaskList1                        0x20000500   Data          20  tasks.o(.bss)
    xDelayedTaskList2                        0x20000514   Data          20  tasks.o(.bss)
    xPendingReadyList                        0x20000528   Data          20  tasks.o(.bss)
    xTasksWaitingTermination                 0x2000053c   Data          20  tasks.o(.bss)
    xSuspendedTaskList                       0x20000550   Data          20  tasks.o(.bss)
    .bss                                     0x20000564   Section     3072  heap_4.o(.bss)
    ucHeap                                   0x20000564   Data        3072  heap_4.o(.bss)
    .bss                                     0x20001164   Section       96  libspace.o(.bss)
    HEAP                                     0x200011c8   Section      512  startup_stm32f103xb.o(HEAP)
    Heap_Mem                                 0x200011c8   Data         512  startup_stm32f103xb.o(HEAP)
    STACK                                    0x200013c8   Section     1024  startup_stm32f103xb.o(STACK)
    Stack_Mem                                0x200013c8   Data        1024  startup_stm32f103xb.o(STACK)
    __initial_sp                             0x200017c8   Data           0  startup_stm32f103xb.o(STACK)

    Global Symbols

    Symbol Name                              Value     Ov Type        Size  Object(Section)

    BuildAttributes$$THM_ISAv4$P$D$K$B$S$PE$A:L22UL41UL21$X:L11$S22US41US21$IEEE1$IW$USESV6$~STKCKD$USESV7$~SHL$OTIME$ROPI$IEEEJ$EBA8$UX$STANDARDLIB$REQ8$PRES8$EABIv2 0x00000000   Number         0  anon$$obj.o ABSOLUTE
    __ARM_use_no_argv                        0x00000000   Number         0  main.o ABSOLUTE
    _printf_flags                            0x00000000   Number         0  printf_stubs.o ABSOLUTE
    _printf_return_value                     0x00000000   Number         0  printf_stubs.o ABSOLUTE
    _printf_sizespec                         0x00000000   Number         0  printf_stubs.o ABSOLUTE
    _printf_widthprec                        0x00000000   Number         0  printf_stubs.o ABSOLUTE
    __ARM_exceptions_init                     - Undefined Weak Reference
    __alloca_initialize                       - Undefined Weak Reference
    __arm_preinit_                            - Undefined Weak Reference
    __cpp_initialize__aeabi_                  - Undefined Weak Reference
    __cxa_finalize                            - Undefined Weak Reference
    __sigvec_lookup                           - Undefined Weak Reference
    _atexit_init                              - Undefined Weak Reference
    _call_atexit_fns                          - Undefined Weak Reference
    _clock_init                               - Undefined Weak Reference
    _fp_trap_init                             - Undefined Weak Reference
    _fp_trap_shutdown                         - Undefined Weak Reference
    _get_lc_collate                           - Undefined Weak Reference
    _get_lc_monetary                          - Undefined Weak Reference
    _get_lc_time                              - Undefined Weak Reference
    _getenv_init                              - Undefined Weak Reference
    _handle_redirection                       - Undefined Weak Reference
    _init_alloc                               - Undefined Weak Reference
    _init_user_alloc                          - Undefined Weak Reference
    _initio                                   - Undefined Weak Reference
    _printf_mbtowc                            - Undefined Weak Reference
    _printf_wc                                - Undefined Weak Reference
    _rand_init                                - Undefined Weak Reference
    _signal_finish                            - Undefined Weak Reference
    _signal_init                              - Undefined Weak Reference
    _terminate_alloc                          - Undefined Weak Reference
    _terminate_user_alloc                     - Undefined Weak Reference
    _terminateio                              - Undefined Weak Reference
    __Vectors_Size                           0x000000ec   Number         0  startup_stm32f103xb.o ABSOLUTE
    __Vectors                                0x08000000   Data           4  startup_stm32f103xb.o(RESET)
    __Vectors_End                            0x080000ec   Data           0  startup_stm32f103xb.o(RESET)
    __main                                   0x080000ed   Thumb Code     8  __main.o(!!!main)
    __scatterload                            0x080000f5   Thumb Code     0  __scatter.o(!!!scatter)
    __scatterload_rt2                        0x080000f5   Thumb Code    44  __scatter.o(!!!scatter)
    __scatterload_rt2_thumb_only             0x080000f5   Thumb Code     0  __scatter.o(!!!scatter)
    __scatterload_null                       0x08000103   Thumb Code     0  __scatter.o(!!!scatter)
    __scatterload_copy                       0x08000129   Thumb Code    26  __scatter_copy.o(!!handler_copy)
    __scatterload_zeroinit                   0x08000145   Thumb Code    28  __scatter_zi.o(!!handler_zi)
    _printf_n                                0x08000161   Thumb Code     0  _printf_n.o(.ARM.Collect$$_printf_percent$$00000001)
    _printf_percent                          0x08000161   Thumb Code     0  _printf_percent.o(.ARM.Collect$$_printf_percent$$00000000)
    _printf_p                                0x08000167   Thumb Code     0  _printf_p.o(.ARM.Collect$$_printf_percent$$00000002)
    _printf_f                                0x0800016d   Thumb Code     0  _printf_f.o(.ARM.Collect$$_printf_percent$$00000003)
    _printf_e                                0x08000173   Thumb Code     0  _printf_e.o(.ARM.Collect$$_printf_percent$$00000004)
    _printf_g                                0x08000179   Thumb Code     0  _printf_g.o(.ARM.Collect$$_printf_percent$$00000005)
    _printf_a                                0x0800017f   Thumb Code     0  _printf_a.o(.ARM.Collect$$_printf_percent$$00000006)
    _printf_ll                               0x08000185   Thumb Code     0  _printf_ll.o(.ARM.Collect$$_printf_percent$$00000007)
    _printf_i                                0x0800018f   Thumb Code     0  _printf_i.o(.ARM.Collect$$_printf_percent$$00000008)
    _printf_d                                0x08000195   Thumb Code     0  _printf_d.o(.ARM.Collect$$_printf_percent$$00000009)
    _printf_u                                0x0800019b   Thumb Code     0  _printf_u.o(.ARM.Collect$$_printf_percent$$0000000A)
    _printf_o                                0x080001a1   Thumb Code     0  _printf_o.o(.ARM.Collect$$_printf_percent$$0000000B)
    _printf_x                                0x080001a7   Thumb Code     0  _printf_x.o(.ARM.Collect$$_printf_percent$$0000000C)
    _printf_lli                              0x080001ad   Thumb Code     0  _printf_lli.o(.ARM.Collect$$_printf_percent$$0000000D)
    _printf_lld                              0x080001b3   Thumb Code     0  _printf_lld.o(.ARM.Collect$$_printf_percent$$0000000E)
    _printf_llu                              0x080001b9   Thumb Code     0  _printf_llu.o(.ARM.Collect$$_printf_percent$$0000000F)
    _printf_llo                              0x080001bf   Thumb Code     0  _printf_llo.o(.ARM.Collect$$_printf_percent$$00000010)
    _printf_llx                              0x080001c5   Thumb Code     0  _printf_llx.o(.ARM.Collect$$_printf_percent$$00000011)
    _printf_l                                0x080001cb   Thumb Code     0  _printf_l.o(.ARM.Collect$$_printf_percent$$00000012)
    _printf_c                                0x080001d5   Thumb Code     0  _printf_c.o(.ARM.Collect$$_printf_percent$$00000013)
    _printf_s                                0x080001db   Thumb Code     0  _printf_s.o(.ARM.Collect$$_printf_percent$$00000014)
    _printf_lc                               0x080001e1   Thumb Code     0  _printf_lc.o(.ARM.Collect$$_printf_percent$$00000015)
    _printf_ls                               0x080001e7   Thumb Code     0  _printf_ls.o(.ARM.Collect$$_printf_percent$$00000016)
    _printf_percent_end                      0x080001ed   Thumb Code     0  _printf_percent_end.o(.ARM.Collect$$_printf_percent$$00000017)
    __rt_lib_init                            0x080001f1   Thumb Code     0  libinit.o(.ARM.Collect$$libinit$$00000000)
    __rt_lib_init_fp_1                       0x080001f3   Thumb Code     0  libinit2.o(.ARM.Collect$$libinit$$00000002)
    __rt_lib_init_heap_1                     0x080001f3   Thumb Code     0  libinit2.o(.ARM.Collect$$libinit$$0000000A)
    __rt_lib_init_lc_common                  0x080001f3   Thumb Code     0  libinit2.o(.ARM.Collect$$libinit$$0000000F)
    __rt_lib_init_preinit_1                  0x080001f3   Thumb Code     0  libinit2.o(.ARM.Collect$$libinit$$00000004)
    __rt_lib_init_rand_1                     0x080001f3   Thumb Code     0  libinit2.o(.ARM.Collect$$libinit$$0000000E)
    __rt_lib_init_user_alloc_1               0x080001f3   Thumb Code     0  libinit2.o(.ARM.Collect$$libinit$$0000000C)
    __rt_lib_init_lc_collate_1               0x080001f9   Thumb Code     0  libinit2.o(.ARM.Collect$$libinit$$00000011)
    __rt_lib_init_lc_ctype_2                 0x080001f9   Thumb Code     0  libinit2.o(.ARM.Collect$$libinit$$00000012)
    __rt_lib_init_lc_ctype_1                 0x08000205   Thumb Code     0  libinit2.o(.ARM.Collect$$libinit$$00000013)
    __rt_lib_init_lc_monetary_1              0x08000205   Thumb Code     0  libinit2.o(.ARM.Collect$$libinit$$00000015)
    __rt_lib_init_lc_numeric_2               0x08000205   Thumb Code     0  libinit2.o(.ARM.Collect$$libinit$$00000016)
    __rt_lib_init_alloca_1                   0x0800020f   Thumb Code     0  libinit2.o(.ARM.Collect$$libinit$$0000002E)
    __rt_lib_init_argv_1                     0x0800020f   Thumb Code     0  libinit2.o(.ARM.Collect$$libinit$$0000002C)
    __rt_lib_init_atexit_1                   0x0800020f   Thumb Code     0  libinit2.o(.ARM.Collect$$libinit$$0000001B)
    __rt_lib_init_clock_1                    0x0800020f   Thumb Code     0  libinit2.o(.ARM.Collect$$libinit$$00000021)
    __rt_lib_init_cpp_1                      0x0800020f   Thumb Code     0  libinit2.o(.ARM.Collect$$libinit$$00000032)
    __rt_lib_init_exceptions_1               0x0800020f   Thumb Code     0  libinit2.o(.ARM.Collect$$libinit$$00000030)
    __rt_lib_init_fp_trap_1                  0x0800020f   Thumb Code     0  libinit2.o(.ARM.Collect$$libinit$$0000001F)
    __rt_lib_init_getenv_1                   0x0800020f   Thumb Code     0  libinit2.o(.ARM.Collect$$libinit$$00000023)
    __rt_lib_init_lc_numeric_1               0x0800020f   Thumb Code     0  libinit2.o(.ARM.Collect$$libinit$$00000017)
    __rt_lib_init_lc_time_1                  0x0800020f   Thumb Code     0  libinit2.o(.ARM.Collect$$libinit$$00000019)
    __rt_lib_init_return                     0x0800020f   Thumb Code     0  libinit2.o(.ARM.Collect$$libinit$$00000033)
    __rt_lib_init_signal_1                   0x0800020f   Thumb Code     0  libinit2.o(.ARM.Collect$$libinit$$0000001D)
    __rt_lib_init_stdio_1                    0x0800020f   Thumb Code     0  libinit2.o(.ARM.Collect$$libinit$$00000025)
    __rt_lib_shutdown                        0x08000211   Thumb Code     0  libshutdown.o(.ARM.Collect$$libshutdown$$00000000)
    __rt_lib_shutdown_cpp_1                  0x08000213   Thumb Code     0  libshutdown2.o(.ARM.Collect$$libshutdown$$00000002)
    __rt_lib_shutdown_fp_trap_1              0x08000213   Thumb Code     0  libshutdown2.o(.ARM.Collect$$libshutdown$$00000007)
    __rt_lib_shutdown_heap_1                 0x08000213   Thumb Code     0  libshutdown2.o(.ARM.Collect$$libshutdown$$0000000F)
    __rt_lib_shutdown_return                 0x08000213   Thumb Code     0  libshutdown2.o(.ARM.Collect$$libshutdown$$00000010)
    __rt_lib_shutdown_signal_1               0x08000213   Thumb Code     0  libshutdown2.o(.ARM.Collect$$libshutdown$$0000000A)
    __rt_lib_shutdown_stdio_1                0x08000213   Thumb Code     0  libshutdown2.o(.ARM.Collect$$libshutdown$$00000004)
    __rt_lib_shutdown_user_alloc_1           0x08000213   Thumb Code     0  libshutdown2.o(.ARM.Collect$$libshutdown$$0000000C)
    __rt_entry                               0x08000215   Thumb Code     0  __rtentry.o(.ARM.Collect$$rtentry$$00000000)
    __rt_entry_presh_1                       0x08000215   Thumb Code     0  __rtentry2.o(.ARM.Collect$$rtentry$$00000002)
    __rt_entry_sh                            0x08000215   Thumb Code     0  __rtentry4.o(.ARM.Collect$$rtentry$$00000004)
    __rt_entry_li                            0x0800021b   Thumb Code     0  __rtentry2.o(.ARM.Collect$$rtentry$$0000000A)
    __rt_entry_postsh_1                      0x0800021b   Thumb Code     0  __rtentry2.o(.ARM.Collect$$rtentry$$00000009)
    __rt_entry_main                          0x0800021f   Thumb Code     0  __rtentry2.o(.ARM.Collect$$rtentry$$0000000D)
    __rt_entry_postli_1                      0x0800021f   Thumb Code     0  __rtentry2.o(.ARM.Collect$$rtentry$$0000000C)
    __rt_exit                                0x08000227   Thumb Code     0  rtexit.o(.ARM.Collect$$rtexit$$00000000)
    __rt_exit_ls                             0x08000229   Thumb Code     0  rtexit2.o(.ARM.Collect$$rtexit$$00000003)
    __rt_exit_prels_1                        0x08000229   Thumb Code     0  rtexit2.o(.ARM.Collect$$rtexit$$00000002)
    __rt_exit_exit                           0x0800022d   Thumb Code     0  rtexit2.o(.ARM.Collect$$rtexit$$00000004)
    SVC_Handler                              0x08000235   Thumb Code    32  port.o(.emb_text)
    __asm___6_port_c_39a90d8d__prvStartFirstTask 0x08000259   Thumb Code    28  port.o(.emb_text)
    PendSV_Handler                           0x08000279   Thumb Code    72  port.o(.emb_text)
    vPortGetIPSR                             0x080002c5   Thumb Code     6  port.o(.emb_text)
    Reset_Handler                            0x080002cd   Thumb Code     8  startup_stm32f103xb.o(.text)
    ADC1_2_IRQHandler                        0x080002e7   Thumb Code     0  startup_stm32f103xb.o(.text)
    CAN1_RX1_IRQHandler                      0x080002e7   Thumb Code     0  startup_stm32f103xb.o(.text)
    CAN1_SCE_IRQHandler                      0x080002e7   Thumb Code     0  startup_stm32f103xb.o(.text)
    DMA1_Channel1_IRQHandler                 0x080002e7   Thumb Code     0  startup_stm32f103xb.o(.text)
    DMA1_Channel2_IRQHandler                 0x080002e7   Thumb Code     0  startup_stm32f103xb.o(.text)
    DMA1_Channel3_IRQHandler                 0x080002e7   Thumb Code     0  startup_stm32f103xb.o(.text)
    DMA1_Channel5_IRQHandler                 0x080002e7   Thumb Code     0  startup_stm32f103xb.o(.text)
    DMA1_Channel6_IRQHandler                 0x080002e7   Thumb Code     0  startup_stm32f103xb.o(.text)
    DMA1_Channel7_IRQHandler                 0x080002e7   Thumb Code     0  startup_stm32f103xb.o(.text)
    EXTI0_IRQHandler                         0x080002e7   Thumb Code     0  startup_stm32f103xb.o(.text)
    EXTI15_10_IRQHandler                     0x080002e7   Thumb Code     0  startup_stm32f103xb.o(.text)
    EXTI1_IRQHandler                         0x080002e7   Thumb Code     0  startup_stm32f103xb.o(.text)
    EXTI2_IRQHandler                         0x080002e7   Thumb Code     0  startup_stm32f103xb.o(.text)
    EXTI3_IRQHandler                         0x080002e7   Thumb Code     0  startup_stm32f103xb.o(.text)
    EXTI4_IRQHandler                         0x080002e7   Thumb Code     0  startup_stm32f103xb.o(.text)
    EXTI9_5_IRQHandler                       0x080002e7   Thumb Code     0  startup_stm32f103xb.o(.text)
    FLASH_IRQHandler                         0x080002e7   Thumb Code     0  startup_stm32f103xb.o(.text)
    I2C1_ER_IRQHandler                       0x080002e7   Thumb Code     0  startup_stm32f103xb.o(.text)
    I2C1_EV_IRQHandler                       0x080002e7   Thumb Code     0  startup_stm32f103xb.o(.text)
    I2C2_ER_IRQHandler                       0x080002e7   Thumb Code     0  startup_stm32f103xb.o(.text)
    I2C2_EV_IRQHandler                       0x080002e7   Thumb Code     0  startup_stm32f103xb.o(.text)
    PVD_IRQHandler                           0x080002e7   Thumb Code     0  startup_stm32f103xb.o(.text)
    RCC_IRQHandler                           0x080002e7   Thumb Code     0  startup_stm32f103xb.o(.text)
    RTC_Alarm_IRQHandler                     0x080002e7   Thumb Code     0  startup_stm32f103xb.o(.text)
    RTC_IRQHandler                           0x080002e7   Thumb Code     0  startup_stm32f103xb.o(.text)
    SPI1_IRQHandler                          0x080002e7   Thumb Code     0  startup_stm32f103xb.o(.text)
    SPI2_IRQHandler                          0x080002e7   Thumb Code     0  startup_stm32f103xb.o(.text)
    TAMPER_IRQHandler                        0x080002e7   Thumb Code     0  startup_stm32f103xb.o(.text)
    TIM1_BRK_IRQHandler                      0x080002e7   Thumb Code     0  startup_stm32f103xb.o(.text)
    TIM1_CC_IRQHandler                       0x080002e7   Thumb Code     0  startup_stm32f103xb.o(.text)
    TIM1_TRG_COM_IRQHandler                  0x080002e7   Thumb Code     0  startup_stm32f103xb.o(.text)
    TIM1_UP_IRQHandler                       0x080002e7   Thumb Code     0  startup_stm32f103xb.o(.text)
    TIM2_IRQHandler                          0x080002e7   Thumb Code     0  startup_stm32f103xb.o(.text)
    TIM3_IRQHandler                          0x080002e7   Thumb Code     0  startup_stm32f103xb.o(.text)
    USART2_IRQHandler                        0x080002e7   Thumb Code     0  startup_stm32f103xb.o(.text)
    USART3_IRQHandler                        0x080002e7   Thumb Code     0  startup_stm32f103xb.o(.text)
    USBWakeUp_IRQHandler                     0x080002e7   Thumb Code     0  startup_stm32f103xb.o(.text)
    USB_HP_CAN1_TX_IRQHandler                0x080002e7   Thumb Code     0  startup_stm32f103xb.o(.text)
    USB_LP_CAN1_RX0_IRQHandler               0x080002e7   Thumb Code     0  startup_stm32f103xb.o(.text)
    WWDG_IRQHandler                          0x080002e7   Thumb Code     0  startup_stm32f103xb.o(.text)
    __user_initial_stackheap                 0x080002e9   Thumb Code     0  startup_stm32f103xb.o(.text)
    vsnprintf                                0x0800030d   Thumb Code    48  vsnprintf.o(.text)
    __aeabi_memcpy                           0x08000341   Thumb Code     0  rt_memcpy_v6.o(.text)
    __rt_memcpy                              0x08000341   Thumb Code   138  rt_memcpy_v6.o(.text)
    _memcpy_lastbytes                        0x080003a7   Thumb Code     0  rt_memcpy_v6.o(.text)
    __aeabi_memcpy4                          0x080003cb   Thumb Code     0  rt_memcpy_w.o(.text)
    __aeabi_memcpy8                          0x080003cb   Thumb Code     0  rt_memcpy_w.o(.text)
    __rt_memcpy_w                            0x080003cb   Thumb Code   100  rt_memcpy_w.o(.text)
    _memcpy_lastbytes_aligned                0x08000413   Thumb Code     0  rt_memcpy_w.o(.text)
    __aeabi_memclr                           0x0800042f   Thumb Code     0  rt_memclr.o(.text)
    __rt_memclr                              0x0800042f   Thumb Code    68  rt_memclr.o(.text)
    _memset                                  0x08000433   Thumb Code     0  rt_memclr.o(.text)
    __aeabi_memclr4                          0x08000473   Thumb Code     0  rt_memclr_w.o(.text)
    __aeabi_memclr8                          0x08000473   Thumb Code     0  rt_memclr_w.o(.text)
    __rt_memclr_w                            0x08000473   Thumb Code    78  rt_memclr_w.o(.text)
    _memset_w                                0x08000477   Thumb Code     0  rt_memclr_w.o(.text)
    __use_two_region_memory                  0x080004c1   Thumb Code     2  heapauxi.o(.text)
    __rt_heap_escrow$2region                 0x080004c3   Thumb Code     2  heapauxi.o(.text)
    __rt_heap_expand$2region                 0x080004c5   Thumb Code     2  heapauxi.o(.text)
    _printf_pre_padding                      0x080004c7   Thumb Code    44  _printf_pad.o(.text)
    _printf_post_padding                     0x080004f3   Thumb Code    34  _printf_pad.o(.text)
    _printf_truncate_signed                  0x08000515   Thumb Code    18  _printf_truncate.o(.text)
    _printf_truncate_unsigned                0x08000527   Thumb Code    18  _printf_truncate.o(.text)
    _printf_str                              0x08000539   Thumb Code    82  _printf_str.o(.text)
    _printf_int_dec                          0x0800058d   Thumb Code   104  _printf_dec.o(.text)
    _printf_charcount                        0x08000605   Thumb Code    40  _printf_charcount.o(.text)
    _printf_char_common                      0x08000637   Thumb Code    32  _printf_char_common.o(.text)
    _sputc                                   0x0800065d   Thumb Code    10  _sputc.o(.text)
    _snputc                                  0x08000667   Thumb Code    16  _snputc.o(.text)
    _printf_wctomb                           0x08000679   Thumb Code   182  _printf_wctomb.o(.text)
    _printf_longlong_dec                     0x08000735   Thumb Code   108  _printf_longlong_dec.o(.text)
    _printf_longlong_oct                     0x080007b1   Thumb Code    66  _printf_oct_int_ll.o(.text)
    _printf_int_oct                          0x080007f3   Thumb Code    24  _printf_oct_int_ll.o(.text)
    _printf_ll_oct                           0x0800080b   Thumb Code    12  _printf_oct_int_ll.o(.text)
    _printf_longlong_hex                     0x08000821   Thumb Code    86  _printf_hex_int_ll_ptr.o(.text)
    _printf_int_hex                          0x08000877   Thumb Code    28  _printf_hex_int_ll_ptr.o(.text)
    _printf_ll_hex                           0x08000893   Thumb Code    12  _printf_hex_int_ll_ptr.o(.text)
    _printf_hex_ptr                          0x0800089f   Thumb Code    18  _printf_hex_int_ll_ptr.o(.text)
    __printf                                 0x080008b5   Thumb Code   388  __printf_flags_ss_wp.o(.text)
    _ll_udiv10                               0x08000a3d   Thumb Code   138  lludiv10.o(.text)
    _printf_int_common                       0x08000ac7   Thumb Code   178  _printf_intcommon.o(.text)
    __lib_sel_fp_printf                      0x08000b79   Thumb Code     2  _printf_fp_dec.o(.text)
    _printf_fp_dec_real                      0x08000d2b   Thumb Code   620  _printf_fp_dec.o(.text)
    _printf_fp_hex_real                      0x08000f99   Thumb Code   756  _printf_fp_hex.o(.text)
    _printf_cs_common                        0x08001295   Thumb Code    20  _printf_char.o(.text)
    _printf_char                             0x080012a9   Thumb Code    16  _printf_char.o(.text)
    _printf_string                           0x080012b9   Thumb Code     8  _printf_char.o(.text)
    _printf_lcs_common                       0x080012c1   Thumb Code    20  _printf_wchar.o(.text)
    _printf_wchar                            0x080012d5   Thumb Code    16  _printf_wchar.o(.text)
    _printf_wstring                          0x080012e5   Thumb Code     8  _printf_wchar.o(.text)
    _wcrtomb                                 0x080012ed   Thumb Code    64  _wcrtomb.o(.text)
    __user_setup_stackheap                   0x0800132d   Thumb Code    74  sys_stackheap_outer.o(.text)
    __rt_ctype_table                         0x08001379   Thumb Code    16  rt_ctype_table.o(.text)
    __rt_locale                              0x08001389   Thumb Code     8  rt_locale_intlibspace.o(.text)
    _printf_fp_infnan                        0x08001391   Thumb Code   112  _printf_fp_infnan.o(.text)
    _btod_etento                             0x08001411   Thumb Code   224  bigflt0.o(.text)
    exit                                     0x080014f5   Thumb Code    18  exit.o(.text)
    __user_libspace                          0x08001509   Thumb Code     8  libspace.o(.text)
    __user_perproc_libspace                  0x08001509   Thumb Code     0  libspace.o(.text)
    __user_perthread_libspace                0x08001509   Thumb Code     0  libspace.o(.text)
    strcmp                                   0x08001511   Thumb Code   128  strcmpv7m.o(.text)
    _sys_exit                                0x08001591   Thumb Code     8  sys_exit.o(.text)
    __I$use$semihosting                      0x0800159d   Thumb Code     0  use_no_semi.o(.text)
    __use_no_semihosting_swi                 0x0800159d   Thumb Code     2  use_no_semi.o(.text)
    __semihosting_library_function           0x0800159f   Thumb Code     0  indicate_semi.o(.text)
    _btod_d2e                                0x0800159f   Thumb Code    62  btod.o(CL$$btod_d2e)
    _d2e_denorm_low                          0x080015dd   Thumb Code    70  btod.o(CL$$btod_d2e_denorm_low)
    _d2e_norm_op1                            0x08001623   Thumb Code    96  btod.o(CL$$btod_d2e_norm_op1)
    __btod_div_common                        0x08001683   Thumb Code   696  btod.o(CL$$btod_div_common)
    _e2e                                     0x080019bb   Thumb Code   220  btod.o(CL$$btod_e2e)
    _btod_ediv                               0x08001a97   Thumb Code    42  btod.o(CL$$btod_ediv)
    _btod_emul                               0x08001ac1   Thumb Code    42  btod.o(CL$$btod_emul)
    __btod_mult_common                       0x08001aeb   Thumb Code   580  btod.o(CL$$btod_mult_common)
    BusFault_Handler                         0x08001d2f   Thumb Code     2  stm32f1xx_it.o(i.BusFault_Handler)
    DMA1_Channel4_IRQHandler                 0x08001d31   Thumb Code     6  stm32f1xx_it.o(i.DMA1_Channel4_IRQHandler)
    DebugMon_Handler                         0x08001d67   Thumb Code     2  stm32f1xx_it.o(i.DebugMon_Handler)
    Error_Handler                            0x08001d69   Thumb Code     4  main.o(i.Error_Handler)
    HAL_DMA_Abort                            0x08001d6d   Thumb Code    70  stm32f1xx_hal_dma.o(i.HAL_DMA_Abort)
    HAL_DMA_Abort_IT                         0x08001db5   Thumb Code   148  stm32f1xx_hal_dma.o(i.HAL_DMA_Abort_IT)
    HAL_DMA_IRQHandler                       0x08001e4d   Thumb Code   316  stm32f1xx_hal_dma.o(i.HAL_DMA_IRQHandler)
    HAL_DMA_Init                             0x08001fa1   Thumb Code    84  stm32f1xx_hal_dma.o(i.HAL_DMA_Init)
    HAL_DMA_Start_IT                         0x08001ffd   Thumb Code   112  stm32f1xx_hal_dma.o(i.HAL_DMA_Start_IT)
    HAL_GPIO_Init                            0x0800206d   Thumb Code   446  stm32f1xx_hal_gpio.o(i.HAL_GPIO_Init)
    HAL_GPIO_ReadPin                         0x0800224d   Thumb Code    10  stm32f1xx_hal_gpio.o(i.HAL_GPIO_ReadPin)
    HAL_GPIO_WritePin                        0x08002257   Thumb Code    10  stm32f1xx_hal_gpio.o(i.HAL_GPIO_WritePin)
    HAL_GetTick                              0x08002261   Thumb Code     6  stm32f1xx_hal.o(i.HAL_GetTick)
    HAL_I2C_Init                             0x0800226d   Thumb Code   376  stm32f1xx_hal_i2c.o(i.HAL_I2C_Init)
    HAL_I2C_MspInit                          0x080023f5   Thumb Code    96  i2c.o(i.HAL_I2C_MspInit)
    HAL_IncTick                              0x08002465   Thumb Code    12  stm32f1xx_hal.o(i.HAL_IncTick)
    HAL_Init                                 0x08002475   Thumb Code    32  stm32f1xx_hal.o(i.HAL_Init)
    HAL_InitTick                             0x08002499   Thumb Code   132  stm32f1xx_hal_timebase_tim.o(i.HAL_InitTick)
    HAL_MspInit                              0x08002531   Thumb Code    62  stm32f1xx_hal_msp.o(i.HAL_MspInit)
    HAL_NVIC_EnableIRQ                       0x08002579   Thumb Code    26  stm32f1xx_hal_cortex.o(i.HAL_NVIC_EnableIRQ)
    HAL_NVIC_SetPriority                     0x08002595   Thumb Code    60  stm32f1xx_hal_cortex.o(i.HAL_NVIC_SetPriority)
    HAL_NVIC_SetPriorityGrouping             0x080025d5   Thumb Code    26  stm32f1xx_hal_cortex.o(i.HAL_NVIC_SetPriorityGrouping)
    HAL_RCC_ClockConfig                      0x080025f9   Thumb Code   280  stm32f1xx_hal_rcc.o(i.HAL_RCC_ClockConfig)
    HAL_RCC_GetClockConfig                   0x08002725   Thumb Code    54  stm32f1xx_hal_rcc.o(i.HAL_RCC_GetClockConfig)
    HAL_RCC_GetPCLK1Freq                     0x08002765   Thumb Code    20  stm32f1xx_hal_rcc.o(i.HAL_RCC_GetPCLK1Freq)
    HAL_RCC_GetPCLK2Freq                     0x08002785   Thumb Code    20  stm32f1xx_hal_rcc.o(i.HAL_RCC_GetPCLK2Freq)
    HAL_RCC_GetSysClockFreq                  0x080027a5   Thumb Code    58  stm32f1xx_hal_rcc.o(i.HAL_RCC_GetSysClockFreq)
    HAL_RCC_OscConfig                        0x080027f1   Thumb Code   778  stm32f1xx_hal_rcc.o(i.HAL_RCC_OscConfig)
    HAL_TIMEx_BreakCallback                  0x08002b11   Thumb Code     2  stm32f1xx_hal_tim_ex.o(i.HAL_TIMEx_BreakCallback)
    HAL_TIMEx_CommutCallback                 0x08002b13   Thumb Code     2  stm32f1xx_hal_tim_ex.o(i.HAL_TIMEx_CommutCallback)
    HAL_TIM_Base_Init                        0x08002b15   Thumb Code    90  stm32f1xx_hal_tim.o(i.HAL_TIM_Base_Init)
    HAL_TIM_Base_MspInit                     0x08002b6f   Thumb Code     2  stm32f1xx_hal_tim.o(i.HAL_TIM_Base_MspInit)
    HAL_TIM_Base_Start_IT                    0x08002b71   Thumb Code    76  stm32f1xx_hal_tim.o(i.HAL_TIM_Base_Start_IT)
    HAL_TIM_IC_CaptureCallback               0x08002bc9   Thumb Code     2  stm32f1xx_hal_tim.o(i.HAL_TIM_IC_CaptureCallback)
    HAL_TIM_IRQHandler                       0x08002bcb   Thumb Code   304  stm32f1xx_hal_tim.o(i.HAL_TIM_IRQHandler)
    HAL_TIM_OC_DelayElapsedCallback          0x08002cfb   Thumb Code     2  stm32f1xx_hal_tim.o(i.HAL_TIM_OC_DelayElapsedCallback)
    HAL_TIM_PWM_PulseFinishedCallback        0x08002cfd   Thumb Code     2  stm32f1xx_hal_tim.o(i.HAL_TIM_PWM_PulseFinishedCallback)
    HAL_TIM_PeriodElapsedCallback            0x08002d01   Thumb Code    14  main.o(i.HAL_TIM_PeriodElapsedCallback)
    HAL_TIM_TriggerCallback                  0x08002d15   Thumb Code     2  stm32f1xx_hal_tim.o(i.HAL_TIM_TriggerCallback)
    HAL_UARTEx_RxEventCallback               0x08002d17   Thumb Code     2  stm32f1xx_hal_uart.o(i.HAL_UARTEx_RxEventCallback)
    HAL_UART_ErrorCallback                   0x08002d19   Thumb Code     2  stm32f1xx_hal_uart.o(i.HAL_UART_ErrorCallback)
    HAL_UART_GetState                        0x08002d1b   Thumb Code    10  stm32f1xx_hal_uart.o(i.HAL_UART_GetState)
    HAL_UART_IRQHandler                      0x08002d25   Thumb Code   616  stm32f1xx_hal_uart.o(i.HAL_UART_IRQHandler)
    HAL_UART_Init                            0x08002f91   Thumb Code   100  stm32f1xx_hal_uart.o(i.HAL_UART_Init)
    HAL_UART_MspInit                         0x08002ff5   Thumb Code   166  usart.o(i.HAL_UART_MspInit)
    HAL_UART_RxCpltCallback                  0x080030b5   Thumb Code     2  stm32f1xx_hal_uart.o(i.HAL_UART_RxCpltCallback)
    HAL_UART_Transmit_DMA                    0x080030b9   Thumb Code   106  stm32f1xx_hal_uart.o(i.HAL_UART_Transmit_DMA)
    HAL_UART_TxCpltCallback                  0x08003131   Thumb Code    14  main.o(i.HAL_UART_TxCpltCallback)
    HAL_UART_TxHalfCpltCallback              0x08003149   Thumb Code     2  stm32f1xx_hal_uart.o(i.HAL_UART_TxHalfCpltCallback)
    HardFault_Handler                        0x0800314b   Thumb Code     2  stm32f1xx_it.o(i.HardFault_Handler)
    MX_DMA_Init                              0x0800314d   Thumb Code    40  dma.o(i.MX_DMA_Init)
    MX_FREERTOS_Init                         0x08003179   Thumb Code    74  freertos.o(i.MX_FREERTOS_Init)
    MX_GPIO_Init                             0x080031cd   Thumb Code   122  gpio.o(i.MX_GPIO_Init)
    MX_I2C1_Init                             0x08003255   Thumb Code    50  i2c.o(i.MX_I2C1_Init)
    MX_USART1_UART_Init                      0x08003295   Thumb Code    48  usart.o(i.MX_USART1_UART_Init)
    MemManage_Handler                        0x080032cd   Thumb Code     2  stm32f1xx_it.o(i.MemManage_Handler)
    NMI_Handler                              0x080032cf   Thumb Code     2  stm32f1xx_it.o(i.NMI_Handler)
    StartDefaultTask                         0x080033a5   Thumb Code    48  freertos.o(i.StartDefaultTask)
    StartTask02                              0x080033f1   Thumb Code    68  freertos.o(i.StartTask02)
    SysTick_Handler                          0x08003465   Thumb Code    38  port.o(i.SysTick_Handler)
    SystemClock_Config                       0x08003491   Thumb Code    92  main.o(i.SystemClock_Config)
    SystemInit                               0x080034ed   Thumb Code     2  system_stm32f1xx.o(i.SystemInit)
    TIM4_IRQHandler                          0x080034f1   Thumb Code     6  stm32f1xx_it.o(i.TIM4_IRQHandler)
    TIM_Base_SetConfig                       0x080034fd   Thumb Code   108  stm32f1xx_hal_tim.o(i.TIM_Base_SetConfig)
    USART1_IRQHandler                        0x08003801   Thumb Code     6  stm32f1xx_it.o(i.USART1_IRQHandler)
    UsageFault_Handler                       0x0800380d   Thumb Code     2  stm32f1xx_it.o(i.UsageFault_Handler)
    __ARM_fpclassify                         0x0800380f   Thumb Code    40  fpclassify.o(i.__ARM_fpclassify)
    _is_digit                                0x08003857   Thumb Code    14  __printf_wp.o(i._is_digit)
    main                                     0x08003875   Thumb Code    34  main.o(i.main)
    osDelay                                  0x080038a3   Thumb Code    16  cmsis_os.o(i.osDelay)
    osKernelStart                            0x080038b3   Thumb Code    10  cmsis_os.o(i.osKernelStart)
    osMessageCreate                          0x080038bd   Thumb Code    42  cmsis_os.o(i.osMessageCreate)
    osMessageGet                             0x080038e9   Thumb Code   166  cmsis_os.o(i.osMessageGet)
    osMessagePut                             0x08003995   Thumb Code    96  cmsis_os.o(i.osMessagePut)
    osThreadCreate                           0x080039f9   Thumb Code    92  cmsis_os.o(i.osThreadCreate)
    pvPortMalloc                             0x08003f29   Thumb Code   224  heap_4.o(i.pvPortMalloc)
    pxPortInitialiseStack                    0x08004011   Thumb Code    30  port.o(i.pxPortInitialiseStack)
    uart_printf                              0x08004035   Thumb Code   106  main.o(i.uart_printf)
    uxListRemove                             0x080040ad   Thumb Code    38  list.o(i.uxListRemove)
    vApplicationGetIdleTaskMemory            0x080040d5   Thumb Code    16  freertos.o(i.vApplicationGetIdleTaskMemory)
    vListInitialise                          0x080040e9   Thumb Code    22  list.o(i.vListInitialise)
    vListInitialiseItem                      0x080040ff   Thumb Code     6  list.o(i.vListInitialiseItem)
    vListInsert                              0x08004105   Thumb Code    54  list.o(i.vListInsert)
    vListInsertEnd                           0x0800413b   Thumb Code    24  list.o(i.vListInsertEnd)
    vPortEnterCritical                       0x08004155   Thumb Code    54  port.o(i.vPortEnterCritical)
    vPortExitCritical                        0x08004195   Thumb Code    38  port.o(i.vPortExitCritical)
    vPortFree                                0x080041c1   Thumb Code    94  heap_4.o(i.vPortFree)
    vPortSetupTimerInterrupt                 0x08004225   Thumb Code    32  port.o(i.vPortSetupTimerInterrupt)
    vPortValidateInterruptPriority           0x08004249   Thumb Code    74  port.o(i.vPortValidateInterruptPriority)
    vTaskDelay                               0x0800429d   Thumb Code    70  tasks.o(i.vTaskDelay)
    vTaskInternalSetTimeOutState             0x080042ed   Thumb Code    12  tasks.o(i.vTaskInternalSetTimeOutState)
    vTaskMissedYield                         0x080042fd   Thumb Code     8  tasks.o(i.vTaskMissedYield)
    vTaskPlaceOnEventList                    0x08004309   Thumb Code    48  tasks.o(i.vTaskPlaceOnEventList)
    vTaskStartScheduler                      0x0800433d   Thumb Code   120  tasks.o(i.vTaskStartScheduler)
    vTaskSuspendAll                          0x080043c5   Thumb Code    10  tasks.o(i.vTaskSuspendAll)
    vTaskSwitchContext                       0x080043d5   Thumb Code    86  tasks.o(i.vTaskSwitchContext)
    xPortStartScheduler                      0x08004435   Thumb Code   168  port.o(i.xPortStartScheduler)
    xQueueGenericCreate                      0x080044e9   Thumb Code    68  queue.o(i.xQueueGenericCreate)
    xQueueGenericCreateStatic                0x0800452d   Thumb Code   112  queue.o(i.xQueueGenericCreateStatic)
    xQueueGenericReset                       0x0800459d   Thumb Code   138  queue.o(i.xQueueGenericReset)
    xQueueGenericSend                        0x0800462d   Thumb Code   362  queue.o(i.xQueueGenericSend)
    xQueueGenericSendFromISR                 0x0800479d   Thumb Code   190  queue.o(i.xQueueGenericSendFromISR)
    xQueueReceive                            0x0800485d   Thumb Code   322  queue.o(i.xQueueReceive)
    xQueueReceiveFromISR                     0x080049a5   Thumb Code   154  queue.o(i.xQueueReceiveFromISR)
    xTaskCheckForTimeOut                     0x08004a41   Thumb Code   122  tasks.o(i.xTaskCheckForTimeOut)
    xTaskCreate                              0x08004ac1   Thumb Code   108  tasks.o(i.xTaskCreate)
    xTaskCreateStatic                        0x08004b2d   Thumb Code    96  tasks.o(i.xTaskCreateStatic)
    xTaskGetSchedulerState                   0x08004b8d   Thumb Code    24  tasks.o(i.xTaskGetSchedulerState)
    xTaskIncrementTick                       0x08004ba9   Thumb Code   202  tasks.o(i.xTaskIncrementTick)
    xTaskPriorityDisinherit                  0x08004c7d   Thumb Code   146  tasks.o(i.xTaskPriorityDisinherit)
    xTaskRemoveFromEventList                 0x08004d19   Thumb Code   108  tasks.o(i.xTaskRemoveFromEventList)
    xTaskResumeAll                           0x08004d91   Thumb Code   190  tasks.o(i.xTaskResumeAll)
    _get_lc_numeric                          0x08004e5d   Thumb Code    44  lc_numeric_c.o(locale$$code)
    _get_lc_ctype                            0x08004e89   Thumb Code    44  lc_ctype_c.o(locale$$code)
    _printf_fp_dec                           0x08004eb5   Thumb Code     4  printf1.o(x$fpl$printf1)
    _printf_fp_hex                           0x08004eb9   Thumb Code     4  printf2.o(x$fpl$printf2)
    __I$use$fp                               0x08004ebc   Number         0  usenofp.o(x$fpl$usenofp)
    AHBPrescTable                            0x08004f16   Data          16  system_stm32f1xx.o(.constdata)
    APBPrescTable                            0x08004f26   Data           8  system_stm32f1xx.o(.constdata)
    Region$$Table$$Base                      0x08005048   Number         0  anon$$obj.o(Region$$Table)
    Region$$Table$$Limit                     0x08005068   Number         0  anon$$obj.o(Region$$Table)
    __ctype                                  0x08005091   Data           0  lc_ctype_c.o(locale$$data)
    ReadIOTaskHandle                         0x20000010   Data           4  freertos.o(.data)
    SendUartTaskHandle                       0x20000014   Data           4  freertos.o(.data)
    BitMapQueue01Handle                      0x20000018   Data           4  freertos.o(.data)
    uwTickFreq                               0x2000001c   Data           1  stm32f1xx_hal.o(.data)
    uwTickPrio                               0x20000020   Data           4  stm32f1xx_hal.o(.data)
    uwTick                                   0x20000024   Data           4  stm32f1xx_hal.o(.data)
    SystemCoreClock                          0x20000028   Data           4  system_stm32f1xx.o(.data)
    pxCurrentTCB                             0x2000002c   Data           4  tasks.o(.data)
    uart_buffer                              0x20000094   Data         100  main.o(.bss)
    hi2c1                                    0x2000034c   Data          84  i2c.o(.bss)
    huart1                                   0x200003a0   Data          72  usart.o(.bss)
    hdma_usart1_tx                           0x200003e8   Data          68  usart.o(.bss)
    htim4                                    0x2000042c   Data          72  stm32f1xx_hal_timebase_tim.o(.bss)
    __libspace_start                         0x20001164   Data          96  libspace.o(.bss)
    __temporary_stack_top$libspace           0x200011c4   Data           0  libspace.o(.bss)



==============================================================================

Memory Map of the image

  Image Entry point : 0x080000ed

  Load Region LR_IROM1 (Base: 0x08000000, Size: 0x00005228, Max: 0x00010000, ABSOLUTE)

    Execution Region ER_IROM1 (Exec base: 0x08000000, Load base: 0x08000000, Size: 0x00005194, Max: 0x00010000, ABSOLUTE)

    Exec Addr    Load Addr    Size         Type   Attr      Idx    E Section Name        Object

    0x08000000   0x08000000   0x000000ec   Data   RO            3    RESET               startup_stm32f103xb.o
    0x080000ec   0x080000ec   0x00000008   Code   RO         4713  * !!!main             c_w.l(__main.o)
    0x080000f4   0x080000f4   0x00000034   Code   RO         5036    !!!scatter          c_w.l(__scatter.o)
    0x08000128   0x08000128   0x0000001a   Code   RO         5038    !!handler_copy      c_w.l(__scatter_copy.o)
    0x08000142   0x08000142   0x00000002   PAD
    0x08000144   0x08000144   0x0000001c   Code   RO         5040    !!handler_zi        c_w.l(__scatter_zi.o)
    0x08000160   0x08000160   0x00000000   Code   RO         4799    .ARM.Collect$$_printf_percent$$00000000  c_w.l(_printf_percent.o)
    0x08000160   0x08000160   0x00000006   Code   RO         4788    .ARM.Collect$$_printf_percent$$00000001  c_w.l(_printf_n.o)
    0x08000166   0x08000166   0x00000006   Code   RO         4790    .ARM.Collect$$_printf_percent$$00000002  c_w.l(_printf_p.o)
    0x0800016c   0x0800016c   0x00000006   Code   RO         4795    .ARM.Collect$$_printf_percent$$00000003  c_w.l(_printf_f.o)
    0x08000172   0x08000172   0x00000006   Code   RO         4796    .ARM.Collect$$_printf_percent$$00000004  c_w.l(_printf_e.o)
    0x08000178   0x08000178   0x00000006   Code   RO         4797    .ARM.Collect$$_printf_percent$$00000005  c_w.l(_printf_g.o)
    0x0800017e   0x0800017e   0x00000006   Code   RO         4798    .ARM.Collect$$_printf_percent$$00000006  c_w.l(_printf_a.o)
    0x08000184   0x08000184   0x0000000a   Code   RO         4803    .ARM.Collect$$_printf_percent$$00000007  c_w.l(_printf_ll.o)
    0x0800018e   0x0800018e   0x00000006   Code   RO         4792    .ARM.Collect$$_printf_percent$$00000008  c_w.l(_printf_i.o)
    0x08000194   0x08000194   0x00000006   Code   RO         4793    .ARM.Collect$$_printf_percent$$00000009  c_w.l(_printf_d.o)
    0x0800019a   0x0800019a   0x00000006   Code   RO         4794    .ARM.Collect$$_printf_percent$$0000000A  c_w.l(_printf_u.o)
    0x080001a0   0x080001a0   0x00000006   Code   RO         4791    .ARM.Collect$$_printf_percent$$0000000B  c_w.l(_printf_o.o)
    0x080001a6   0x080001a6   0x00000006   Code   RO         4789    .ARM.Collect$$_printf_percent$$0000000C  c_w.l(_printf_x.o)
    0x080001ac   0x080001ac   0x00000006   Code   RO         4800    .ARM.Collect$$_printf_percent$$0000000D  c_w.l(_printf_lli.o)
    0x080001b2   0x080001b2   0x00000006   Code   RO         4801    .ARM.Collect$$_printf_percent$$0000000E  c_w.l(_printf_lld.o)
    0x080001b8   0x080001b8   0x00000006   Code   RO         4802    .ARM.Collect$$_printf_percent$$0000000F  c_w.l(_printf_llu.o)
    0x080001be   0x080001be   0x00000006   Code   RO         4807    .ARM.Collect$$_printf_percent$$00000010  c_w.l(_printf_llo.o)
    0x080001c4   0x080001c4   0x00000006   Code   RO         4808    .ARM.Collect$$_printf_percent$$00000011  c_w.l(_printf_llx.o)
    0x080001ca   0x080001ca   0x0000000a   Code   RO         4804    .ARM.Collect$$_printf_percent$$00000012  c_w.l(_printf_l.o)
    0x080001d4   0x080001d4   0x00000006   Code   RO         4786    .ARM.Collect$$_printf_percent$$00000013  c_w.l(_printf_c.o)
    0x080001da   0x080001da   0x00000006   Code   RO         4787    .ARM.Collect$$_printf_percent$$00000014  c_w.l(_printf_s.o)
    0x080001e0   0x080001e0   0x00000006   Code   RO         4805    .ARM.Collect$$_printf_percent$$00000015  c_w.l(_printf_lc.o)
    0x080001e6   0x080001e6   0x00000006   Code   RO         4806    .ARM.Collect$$_printf_percent$$00000016  c_w.l(_printf_ls.o)
    0x080001ec   0x080001ec   0x00000004   Code   RO         4847    .ARM.Collect$$_printf_percent$$00000017  c_w.l(_printf_percent_end.o)
    0x080001f0   0x080001f0   0x00000002   Code   RO         4896    .ARM.Collect$$libinit$$00000000  c_w.l(libinit.o)
    0x080001f2   0x080001f2   0x00000000   Code   RO         4913    .ARM.Collect$$libinit$$00000002  c_w.l(libinit2.o)
    0x080001f2   0x080001f2   0x00000000   Code   RO         4915    .ARM.Collect$$libinit$$00000004  c_w.l(libinit2.o)
    0x080001f2   0x080001f2   0x00000000   Code   RO         4918    .ARM.Collect$$libinit$$0000000A  c_w.l(libinit2.o)
    0x080001f2   0x080001f2   0x00000000   Code   RO         4920    .ARM.Collect$$libinit$$0000000C  c_w.l(libinit2.o)
    0x080001f2   0x080001f2   0x00000000   Code   RO         4922    .ARM.Collect$$libinit$$0000000E  c_w.l(libinit2.o)
    0x080001f2   0x080001f2   0x00000006   Code   RO         4923    .ARM.Collect$$libinit$$0000000F  c_w.l(libinit2.o)
    0x080001f8   0x080001f8   0x00000000   Code   RO         4925    .ARM.Collect$$libinit$$00000011  c_w.l(libinit2.o)
    0x080001f8   0x080001f8   0x0000000c   Code   RO         4926    .ARM.Collect$$libinit$$00000012  c_w.l(libinit2.o)
    0x08000204   0x08000204   0x00000000   Code   RO         4927    .ARM.Collect$$libinit$$00000013  c_w.l(libinit2.o)
    0x08000204   0x08000204   0x00000000   Code   RO         4929    .ARM.Collect$$libinit$$00000015  c_w.l(libinit2.o)
    0x08000204   0x08000204   0x0000000a   Code   RO         4930    .ARM.Collect$$libinit$$00000016  c_w.l(libinit2.o)
    0x0800020e   0x0800020e   0x00000000   Code   RO         4931    .ARM.Collect$$libinit$$00000017  c_w.l(libinit2.o)
    0x0800020e   0x0800020e   0x00000000   Code   RO         4933    .ARM.Collect$$libinit$$00000019  c_w.l(libinit2.o)
    0x0800020e   0x0800020e   0x00000000   Code   RO         4935    .ARM.Collect$$libinit$$0000001B  c_w.l(libinit2.o)
    0x0800020e   0x0800020e   0x00000000   Code   RO         4937    .ARM.Collect$$libinit$$0000001D  c_w.l(libinit2.o)
    0x0800020e   0x0800020e   0x00000000   Code   RO         4939    .ARM.Collect$$libinit$$0000001F  c_w.l(libinit2.o)
    0x0800020e   0x0800020e   0x00000000   Code   RO         4941    .ARM.Collect$$libinit$$00000021  c_w.l(libinit2.o)
    0x0800020e   0x0800020e   0x00000000   Code   RO         4943    .ARM.Collect$$libinit$$00000023  c_w.l(libinit2.o)
    0x0800020e   0x0800020e   0x00000000   Code   RO         4945    .ARM.Collect$$libinit$$00000025  c_w.l(libinit2.o)
    0x0800020e   0x0800020e   0x00000000   Code   RO         4949    .ARM.Collect$$libinit$$0000002C  c_w.l(libinit2.o)
    0x0800020e   0x0800020e   0x00000000   Code   RO         4951    .ARM.Collect$$libinit$$0000002E  c_w.l(libinit2.o)
    0x0800020e   0x0800020e   0x00000000   Code   RO         4953    .ARM.Collect$$libinit$$00000030  c_w.l(libinit2.o)
    0x0800020e   0x0800020e   0x00000000   Code   RO         4955    .ARM.Collect$$libinit$$00000032  c_w.l(libinit2.o)
    0x0800020e   0x0800020e   0x00000002   Code   RO         4956    .ARM.Collect$$libinit$$00000033  c_w.l(libinit2.o)
    0x08000210   0x08000210   0x00000002   Code   RO         4976    .ARM.Collect$$libshutdown$$00000000  c_w.l(libshutdown.o)
    0x08000212   0x08000212   0x00000000   Code   RO         4989    .ARM.Collect$$libshutdown$$00000002  c_w.l(libshutdown2.o)
    0x08000212   0x08000212   0x00000000   Code   RO         4991    .ARM.Collect$$libshutdown$$00000004  c_w.l(libshutdown2.o)
    0x08000212   0x08000212   0x00000000   Code   RO         4994    .ARM.Collect$$libshutdown$$00000007  c_w.l(libshutdown2.o)
    0x08000212   0x08000212   0x00000000   Code   RO         4997    .ARM.Collect$$libshutdown$$0000000A  c_w.l(libshutdown2.o)
    0x08000212   0x08000212   0x00000000   Code   RO         4999    .ARM.Collect$$libshutdown$$0000000C  c_w.l(libshutdown2.o)
    0x08000212   0x08000212   0x00000000   Code   RO         5002    .ARM.Collect$$libshutdown$$0000000F  c_w.l(libshutdown2.o)
    0x08000212   0x08000212   0x00000002   Code   RO         5003    .ARM.Collect$$libshutdown$$00000010  c_w.l(libshutdown2.o)
    0x08000214   0x08000214   0x00000000   Code   RO         4715    .ARM.Collect$$rtentry$$00000000  c_w.l(__rtentry.o)
    0x08000214   0x08000214   0x00000000   Code   RO         4818    .ARM.Collect$$rtentry$$00000002  c_w.l(__rtentry2.o)
    0x08000214   0x08000214   0x00000006   Code   RO         4830    .ARM.Collect$$rtentry$$00000004  c_w.l(__rtentry4.o)
    0x0800021a   0x0800021a   0x00000000   Code   RO         4820    .ARM.Collect$$rtentry$$00000009  c_w.l(__rtentry2.o)
    0x0800021a   0x0800021a   0x00000004   Code   RO         4821    .ARM.Collect$$rtentry$$0000000A  c_w.l(__rtentry2.o)
    0x0800021e   0x0800021e   0x00000000   Code   RO         4823    .ARM.Collect$$rtentry$$0000000C  c_w.l(__rtentry2.o)
    0x0800021e   0x0800021e   0x00000008   Code   RO         4824    .ARM.Collect$$rtentry$$0000000D  c_w.l(__rtentry2.o)
    0x08000226   0x08000226   0x00000002   Code   RO         4905    .ARM.Collect$$rtexit$$00000000  c_w.l(rtexit.o)
    0x08000228   0x08000228   0x00000000   Code   RO         4958    .ARM.Collect$$rtexit$$00000002  c_w.l(rtexit2.o)
    0x08000228   0x08000228   0x00000004   Code   RO         4959    .ARM.Collect$$rtexit$$00000003  c_w.l(rtexit2.o)
    0x0800022c   0x0800022c   0x00000006   Code   RO         4960    .ARM.Collect$$rtexit$$00000004  c_w.l(rtexit2.o)
    0x08000232   0x08000232   0x00000002   PAD
    0x08000234   0x08000234   0x00000096   Code   RO         4618    .emb_text           port.o
    0x080002ca   0x080002ca   0x00000002   PAD
    0x080002cc   0x080002cc   0x00000040   Code   RO            4    .text               startup_stm32f103xb.o
    0x0800030c   0x0800030c   0x00000034   Code   RO         4699    .text               c_w.l(vsnprintf.o)
    0x08000340   0x08000340   0x0000008a   Code   RO         4701    .text               c_w.l(rt_memcpy_v6.o)
    0x080003ca   0x080003ca   0x00000064   Code   RO         4703    .text               c_w.l(rt_memcpy_w.o)
    0x0800042e   0x0800042e   0x00000044   Code   RO         4707    .text               c_w.l(rt_memclr.o)
    0x08000472   0x08000472   0x0000004e   Code   RO         4709    .text               c_w.l(rt_memclr_w.o)
    0x080004c0   0x080004c0   0x00000006   Code   RO         4711    .text               c_w.l(heapauxi.o)
    0x080004c6   0x080004c6   0x0000004e   Code   RO         4718    .text               c_w.l(_printf_pad.o)
    0x08000514   0x08000514   0x00000024   Code   RO         4720    .text               c_w.l(_printf_truncate.o)
    0x08000538   0x08000538   0x00000052   Code   RO         4722    .text               c_w.l(_printf_str.o)
    0x0800058a   0x0800058a   0x00000002   PAD
    0x0800058c   0x0800058c   0x00000078   Code   RO         4724    .text               c_w.l(_printf_dec.o)
    0x08000604   0x08000604   0x00000028   Code   RO         4726    .text               c_w.l(_printf_charcount.o)
    0x0800062c   0x0800062c   0x00000030   Code   RO         4728    .text               c_w.l(_printf_char_common.o)
    0x0800065c   0x0800065c   0x0000000a   Code   RO         4730    .text               c_w.l(_sputc.o)
    0x08000666   0x08000666   0x00000010   Code   RO         4732    .text               c_w.l(_snputc.o)
    0x08000676   0x08000676   0x00000002   PAD
    0x08000678   0x08000678   0x000000bc   Code   RO         4734    .text               c_w.l(_printf_wctomb.o)
    0x08000734   0x08000734   0x0000007c   Code   RO         4737    .text               c_w.l(_printf_longlong_dec.o)
    0x080007b0   0x080007b0   0x00000070   Code   RO         4743    .text               c_w.l(_printf_oct_int_ll.o)
    0x08000820   0x08000820   0x00000094   Code   RO         4763    .text               c_w.l(_printf_hex_int_ll_ptr.o)
    0x080008b4   0x080008b4   0x00000188   Code   RO         4783    .text               c_w.l(__printf_flags_ss_wp.o)
    0x08000a3c   0x08000a3c   0x0000008a   Code   RO         4832    .text               c_w.l(lludiv10.o)
    0x08000ac6   0x08000ac6   0x000000b2   Code   RO         4834    .text               c_w.l(_printf_intcommon.o)
    0x08000b78   0x08000b78   0x0000041e   Code   RO         4836    .text               c_w.l(_printf_fp_dec.o)
    0x08000f96   0x08000f96   0x00000002   PAD
    0x08000f98   0x08000f98   0x000002fc   Code   RO         4838    .text               c_w.l(_printf_fp_hex.o)
    0x08001294   0x08001294   0x0000002c   Code   RO         4843    .text               c_w.l(_printf_char.o)
    0x080012c0   0x080012c0   0x0000002c   Code   RO         4845    .text               c_w.l(_printf_wchar.o)
    0x080012ec   0x080012ec   0x00000040   Code   RO         4848    .text               c_w.l(_wcrtomb.o)
    0x0800132c   0x0800132c   0x0000004a   Code   RO         4850    .text               c_w.l(sys_stackheap_outer.o)
    0x08001376   0x08001376   0x00000002   PAD
    0x08001378   0x08001378   0x00000010   Code   RO         4852    .text               c_w.l(rt_ctype_table.o)
    0x08001388   0x08001388   0x00000008   Code   RO         4857    .text               c_w.l(rt_locale_intlibspace.o)
    0x08001390   0x08001390   0x00000080   Code   RO         4859    .text               c_w.l(_printf_fp_infnan.o)
    0x08001410   0x08001410   0x000000e4   Code   RO         4861    .text               c_w.l(bigflt0.o)
    0x080014f4   0x080014f4   0x00000012   Code   RO         4889    .text               c_w.l(exit.o)
    0x08001506   0x08001506   0x00000002   PAD
    0x08001508   0x08001508   0x00000008   Code   RO         4902    .text               c_w.l(libspace.o)
    0x08001510   0x08001510   0x00000080   Code   RO         4910    .text               c_w.l(strcmpv7m.o)
    0x08001590   0x08001590   0x0000000c   Code   RO         4968    .text               c_w.l(sys_exit.o)
    0x0800159c   0x0800159c   0x00000002   Code   RO         4979    .text               c_w.l(use_no_semi.o)
    0x0800159e   0x0800159e   0x00000000   Code   RO         4981    .text               c_w.l(indicate_semi.o)
    0x0800159e   0x0800159e   0x0000003e   Code   RO         4864    CL$$btod_d2e        c_w.l(btod.o)
    0x080015dc   0x080015dc   0x00000046   Code   RO         4866    CL$$btod_d2e_denorm_low  c_w.l(btod.o)
    0x08001622   0x08001622   0x00000060   Code   RO         4865    CL$$btod_d2e_norm_op1  c_w.l(btod.o)
    0x08001682   0x08001682   0x00000338   Code   RO         4874    CL$$btod_div_common  c_w.l(btod.o)
    0x080019ba   0x080019ba   0x000000dc   Code   RO         4871    CL$$btod_e2e        c_w.l(btod.o)
    0x08001a96   0x08001a96   0x0000002a   Code   RO         4868    CL$$btod_ediv       c_w.l(btod.o)
    0x08001ac0   0x08001ac0   0x0000002a   Code   RO         4867    CL$$btod_emul       c_w.l(btod.o)
    0x08001aea   0x08001aea   0x00000244   Code   RO         4873    CL$$btod_mult_common  c_w.l(btod.o)
    0x08001d2e   0x08001d2e   0x00000002   Code   RO          417    i.BusFault_Handler  stm32f1xx_it.o
    0x08001d30   0x08001d30   0x0000000c   Code   RO          418    i.DMA1_Channel4_IRQHandler  stm32f1xx_it.o
    0x08001d3c   0x08001d3c   0x0000002a   Code   RO         1945    i.DMA_SetConfig     stm32f1xx_hal_dma.o
    0x08001d66   0x08001d66   0x00000002   Code   RO          419    i.DebugMon_Handler  stm32f1xx_it.o
    0x08001d68   0x08001d68   0x00000004   Code   RO           13    i.Error_Handler     main.o
    0x08001d6c   0x08001d6c   0x00000046   Code   RO         1946    i.HAL_DMA_Abort     stm32f1xx_hal_dma.o
    0x08001db2   0x08001db2   0x00000002   PAD
    0x08001db4   0x08001db4   0x00000098   Code   RO         1947    i.HAL_DMA_Abort_IT  stm32f1xx_hal_dma.o
    0x08001e4c   0x08001e4c   0x00000154   Code   RO         1951    i.HAL_DMA_IRQHandler  stm32f1xx_hal_dma.o
    0x08001fa0   0x08001fa0   0x0000005c   Code   RO         1952    i.HAL_DMA_Init      stm32f1xx_hal_dma.o
    0x08001ffc   0x08001ffc   0x00000070   Code   RO         1956    i.HAL_DMA_Start_IT  stm32f1xx_hal_dma.o
    0x0800206c   0x0800206c   0x000001e0   Code   RO         1882    i.HAL_GPIO_Init     stm32f1xx_hal_gpio.o
    0x0800224c   0x0800224c   0x0000000a   Code   RO         1884    i.HAL_GPIO_ReadPin  stm32f1xx_hal_gpio.o
    0x08002256   0x08002256   0x0000000a   Code   RO         1886    i.HAL_GPIO_WritePin  stm32f1xx_hal_gpio.o
    0x08002260   0x08002260   0x0000000c   Code   RO         1576    i.HAL_GetTick       stm32f1xx_hal.o
    0x0800226c   0x0800226c   0x00000188   Code   RO         2553    i.HAL_I2C_Init      stm32f1xx_hal_i2c.o
    0x080023f4   0x080023f4   0x00000070   Code   RO          334    i.HAL_I2C_MspInit   i2c.o
    0x08002464   0x08002464   0x00000010   Code   RO         1582    i.HAL_IncTick       stm32f1xx_hal.o
    0x08002474   0x08002474   0x00000024   Code   RO         1583    i.HAL_Init          stm32f1xx_hal.o
    0x08002498   0x08002498   0x00000098   Code   RO          517    i.HAL_InitTick      stm32f1xx_hal_timebase_tim.o
    0x08002530   0x08002530   0x00000048   Code   RO          493    i.HAL_MspInit       stm32f1xx_hal_msp.o
    0x08002578   0x08002578   0x0000001a   Code   RO         2042    i.HAL_NVIC_EnableIRQ  stm32f1xx_hal_cortex.o
    0x08002592   0x08002592   0x00000002   PAD
    0x08002594   0x08002594   0x00000040   Code   RO         2048    i.HAL_NVIC_SetPriority  stm32f1xx_hal_cortex.o
    0x080025d4   0x080025d4   0x00000024   Code   RO         2049    i.HAL_NVIC_SetPriorityGrouping  stm32f1xx_hal_cortex.o
    0x080025f8   0x080025f8   0x0000012c   Code   RO         1740    i.HAL_RCC_ClockConfig  stm32f1xx_hal_rcc.o
    0x08002724   0x08002724   0x00000040   Code   RO         1744    i.HAL_RCC_GetClockConfig  stm32f1xx_hal_rcc.o
    0x08002764   0x08002764   0x00000020   Code   RO         1747    i.HAL_RCC_GetPCLK1Freq  stm32f1xx_hal_rcc.o
    0x08002784   0x08002784   0x00000020   Code   RO         1748    i.HAL_RCC_GetPCLK2Freq  stm32f1xx_hal_rcc.o
    0x080027a4   0x080027a4   0x0000004c   Code   RO         1749    i.HAL_RCC_GetSysClockFreq  stm32f1xx_hal_rcc.o
    0x080027f0   0x080027f0   0x00000320   Code   RO         1752    i.HAL_RCC_OscConfig  stm32f1xx_hal_rcc.o
    0x08002b10   0x08002b10   0x00000002   Code   RO         1298    i.HAL_TIMEx_BreakCallback  stm32f1xx_hal_tim_ex.o
    0x08002b12   0x08002b12   0x00000002   Code   RO         1299    i.HAL_TIMEx_CommutCallback  stm32f1xx_hal_tim_ex.o
    0x08002b14   0x08002b14   0x0000005a   Code   RO          594    i.HAL_TIM_Base_Init  stm32f1xx_hal_tim.o
    0x08002b6e   0x08002b6e   0x00000002   Code   RO          596    i.HAL_TIM_Base_MspInit  stm32f1xx_hal_tim.o
    0x08002b70   0x08002b70   0x00000058   Code   RO          599    i.HAL_TIM_Base_Start_IT  stm32f1xx_hal_tim.o
    0x08002bc8   0x08002bc8   0x00000002   Code   RO          628    i.HAL_TIM_IC_CaptureCallback  stm32f1xx_hal_tim.o
    0x08002bca   0x08002bca   0x00000130   Code   RO          642    i.HAL_TIM_IRQHandler  stm32f1xx_hal_tim.o
    0x08002cfa   0x08002cfa   0x00000002   Code   RO          645    i.HAL_TIM_OC_DelayElapsedCallback  stm32f1xx_hal_tim.o
    0x08002cfc   0x08002cfc   0x00000002   Code   RO          672    i.HAL_TIM_PWM_PulseFinishedCallback  stm32f1xx_hal_tim.o
    0x08002cfe   0x08002cfe   0x00000002   PAD
    0x08002d00   0x08002d00   0x00000014   Code   RO           14    i.HAL_TIM_PeriodElapsedCallback  main.o
    0x08002d14   0x08002d14   0x00000002   Code   RO          685    i.HAL_TIM_TriggerCallback  stm32f1xx_hal_tim.o
    0x08002d16   0x08002d16   0x00000002   Code   RO         2991    i.HAL_UARTEx_RxEventCallback  stm32f1xx_hal_uart.o
    0x08002d18   0x08002d18   0x00000002   Code   RO         3005    i.HAL_UART_ErrorCallback  stm32f1xx_hal_uart.o
    0x08002d1a   0x08002d1a   0x0000000a   Code   RO         3007    i.HAL_UART_GetState  stm32f1xx_hal_uart.o
    0x08002d24   0x08002d24   0x0000026c   Code   RO         3008    i.HAL_UART_IRQHandler  stm32f1xx_hal_uart.o
    0x08002f90   0x08002f90   0x00000064   Code   RO         3009    i.HAL_UART_Init     stm32f1xx_hal_uart.o
    0x08002ff4   0x08002ff4   0x000000c0   Code   RO          376    i.HAL_UART_MspInit  usart.o
    0x080030b4   0x080030b4   0x00000002   Code   RO         3015    i.HAL_UART_RxCpltCallback  stm32f1xx_hal_uart.o
    0x080030b6   0x080030b6   0x00000002   PAD
    0x080030b8   0x080030b8   0x00000078   Code   RO         3018    i.HAL_UART_Transmit_DMA  stm32f1xx_hal_uart.o
    0x08003130   0x08003130   0x00000018   Code   RO           15    i.HAL_UART_TxCpltCallback  main.o
    0x08003148   0x08003148   0x00000002   Code   RO         3021    i.HAL_UART_TxHalfCpltCallback  stm32f1xx_hal_uart.o
    0x0800314a   0x0800314a   0x00000002   Code   RO          420    i.HardFault_Handler  stm32f1xx_it.o
    0x0800314c   0x0800314c   0x0000002c   Code   RO          309    i.MX_DMA_Init       dma.o
    0x08003178   0x08003178   0x00000054   Code   RO          248    i.MX_FREERTOS_Init  freertos.o
    0x080031cc   0x080031cc   0x00000088   Code   RO          224    i.MX_GPIO_Init      gpio.o
    0x08003254   0x08003254   0x00000040   Code   RO          335    i.MX_I2C1_Init      i2c.o
    0x08003294   0x08003294   0x00000038   Code   RO          377    i.MX_USART1_UART_Init  usart.o
    0x080032cc   0x080032cc   0x00000002   Code   RO          421    i.MemManage_Handler  stm32f1xx_it.o
    0x080032ce   0x080032ce   0x00000002   Code   RO          422    i.NMI_Handler       stm32f1xx_it.o
    0x080032d0   0x080032d0   0x000000d4   Code   RO          249    i.Read_GPIO_Bitmap  freertos.o
    0x080033a4   0x080033a4   0x0000004c   Code   RO          250    i.StartDefaultTask  freertos.o
    0x080033f0   0x080033f0   0x00000074   Code   RO          251    i.StartTask02       freertos.o
    0x08003464   0x08003464   0x0000002c   Code   RO         4619    i.SysTick_Handler   port.o
    0x08003490   0x08003490   0x0000005c   Code   RO           16    i.SystemClock_Config  main.o
    0x080034ec   0x080034ec   0x00000002   Code   RO         3343    i.SystemInit        system_stm32f1xx.o
    0x080034ee   0x080034ee   0x00000002   PAD
    0x080034f0   0x080034f0   0x0000000c   Code   RO          423    i.TIM4_IRQHandler   stm32f1xx_it.o
    0x080034fc   0x080034fc   0x00000078   Code   RO          687    i.TIM_Base_SetConfig  stm32f1xx_hal_tim.o
    0x08003574   0x08003574   0x00000010   Code   RO         3022    i.UART_DMAAbortOnError  stm32f1xx_hal_uart.o
    0x08003584   0x08003584   0x0000004a   Code   RO         3023    i.UART_DMAError     stm32f1xx_hal_uart.o
    0x080035ce   0x080035ce   0x00000042   Code   RO         3028    i.UART_DMATransmitCplt  stm32f1xx_hal_uart.o
    0x08003610   0x08003610   0x0000000a   Code   RO         3030    i.UART_DMATxHalfCplt  stm32f1xx_hal_uart.o
    0x0800361a   0x0800361a   0x0000004e   Code   RO         3032    i.UART_EndRxTransfer  stm32f1xx_hal_uart.o
    0x08003668   0x08003668   0x0000001c   Code   RO         3033    i.UART_EndTxTransfer  stm32f1xx_hal_uart.o
    0x08003684   0x08003684   0x000000c2   Code   RO         3034    i.UART_Receive_IT   stm32f1xx_hal_uart.o
    0x08003746   0x08003746   0x00000002   PAD
    0x08003748   0x08003748   0x000000b8   Code   RO         3035    i.UART_SetConfig    stm32f1xx_hal_uart.o
    0x08003800   0x08003800   0x0000000c   Code   RO          424    i.USART1_IRQHandler  stm32f1xx_it.o
    0x0800380c   0x0800380c   0x00000002   Code   RO          425    i.UsageFault_Handler  stm32f1xx_it.o
    0x0800380e   0x0800380e   0x00000028   Code   RO         4900    i.__ARM_fpclassify  m_ws.l(fpclassify.o)
    0x08003836   0x08003836   0x00000020   Code   RO         2055    i.__NVIC_SetPriority  stm32f1xx_hal_cortex.o
    0x08003856   0x08003856   0x0000000e   Code   RO         4776    i._is_digit         c_w.l(__printf_wp.o)
    0x08003864   0x08003864   0x00000010   Code   RO         4182    i.inHandlerMode     cmsis_os.o
    0x08003874   0x08003874   0x00000022   Code   RO           17    i.main              main.o
    0x08003896   0x08003896   0x0000000c   Code   RO         4184    i.makeFreeRtosPriority  cmsis_os.o
    0x080038a2   0x080038a2   0x00000010   Code   RO         4186    i.osDelay           cmsis_os.o
    0x080038b2   0x080038b2   0x0000000a   Code   RO         4189    i.osKernelStart     cmsis_os.o
    0x080038bc   0x080038bc   0x0000002a   Code   RO         4198    i.osMessageCreate   cmsis_os.o
    0x080038e6   0x080038e6   0x00000002   PAD
    0x080038e8   0x080038e8   0x000000ac   Code   RO         4200    i.osMessageGet      cmsis_os.o
    0x08003994   0x08003994   0x00000064   Code   RO         4202    i.osMessagePut      cmsis_os.o
    0x080039f8   0x080039f8   0x0000005c   Code   RO         4223    i.osThreadCreate    cmsis_os.o
    0x08003a54   0x08003a54   0x00000078   Code   RO         3855    i.prvAddCurrentTaskToDelayedList  tasks.o
    0x08003acc   0x08003acc   0x00000088   Code   RO         3856    i.prvAddNewTaskToReadyList  tasks.o
    0x08003b54   0x08003b54   0x00000040   Code   RO         3857    i.prvCheckTasksWaitingTermination  tasks.o
    0x08003b94   0x08003b94   0x00000024   Code   RO         3521    i.prvCopyDataFromQueue  queue.o
    0x08003bb8   0x08003bb8   0x0000006e   Code   RO         3522    i.prvCopyDataToQueue  queue.o
    0x08003c26   0x08003c26   0x00000040   Code   RO         3858    i.prvDeleteTCB      tasks.o
    0x08003c66   0x08003c66   0x00000002   PAD
    0x08003c68   0x08003c68   0x00000050   Code   RO         4551    i.prvHeapInit       heap_4.o
    0x08003cb8   0x08003cb8   0x00000028   Code   RO         3859    i.prvIdleTask       tasks.o
    0x08003ce0   0x08003ce0   0x00000018   Code   RO         3525    i.prvInitialiseNewQueue  queue.o
    0x08003cf8   0x08003cf8   0x0000007e   Code   RO         3860    i.prvInitialiseNewTask  tasks.o
    0x08003d76   0x08003d76   0x00000002   PAD
    0x08003d78   0x08003d78   0x00000060   Code   RO         3861    i.prvInitialiseTaskLists  tasks.o
    0x08003dd8   0x08003dd8   0x0000005c   Code   RO         4552    i.prvInsertBlockIntoFreeList  heap_4.o
    0x08003e34   0x08003e34   0x0000001a   Code   RO         3526    i.prvIsQueueEmpty   queue.o
    0x08003e4e   0x08003e4e   0x0000001e   Code   RO         3527    i.prvIsQueueFull    queue.o
    0x08003e6c   0x08003e6c   0x00000024   Code   RO         3862    i.prvResetNextTaskUnblockTime  tasks.o
    0x08003e90   0x08003e90   0x00000030   Code   RO         4620    i.prvTaskExitError  port.o
    0x08003ec0   0x08003ec0   0x00000068   Code   RO         3528    i.prvUnlockQueue    queue.o
    0x08003f28   0x08003f28   0x000000e8   Code   RO         4553    i.pvPortMalloc      heap_4.o
    0x08004010   0x08004010   0x00000024   Code   RO         4621    i.pxPortInitialiseStack  port.o
    0x08004034   0x08004034   0x00000078   Code   RO           18    i.uart_printf       main.o
    0x080040ac   0x080040ac   0x00000026   Code   RO         3481    i.uxListRemove      list.o
    0x080040d2   0x080040d2   0x00000002   PAD
    0x080040d4   0x080040d4   0x00000014   Code   RO          252    i.vApplicationGetIdleTaskMemory  freertos.o
    0x080040e8   0x080040e8   0x00000016   Code   RO         3482    i.vListInitialise   list.o
    0x080040fe   0x080040fe   0x00000006   Code   RO         3483    i.vListInitialiseItem  list.o
    0x08004104   0x08004104   0x00000036   Code   RO         3484    i.vListInsert       list.o
    0x0800413a   0x0800413a   0x00000018   Code   RO         3485    i.vListInsertEnd    list.o
    0x08004152   0x08004152   0x00000002   PAD
    0x08004154   0x08004154   0x00000040   Code   RO         4623    i.vPortEnterCritical  port.o
    0x08004194   0x08004194   0x0000002c   Code   RO         4624    i.vPortExitCritical  port.o
    0x080041c0   0x080041c0   0x00000064   Code   RO         4554    i.vPortFree         heap_4.o
    0x08004224   0x08004224   0x00000024   Code   RO         4625    i.vPortSetupTimerInterrupt  port.o
    0x08004248   0x08004248   0x00000054   Code   RO         4626    i.vPortValidateInterruptPriority  port.o
    0x0800429c   0x0800429c   0x00000050   Code   RO         3871    i.vTaskDelay        tasks.o
    0x080042ec   0x080042ec   0x00000010   Code   RO         3874    i.vTaskInternalSetTimeOutState  tasks.o
    0x080042fc   0x080042fc   0x0000000c   Code   RO         3875    i.vTaskMissedYield  tasks.o
    0x08004308   0x08004308   0x00000034   Code   RO         3877    i.vTaskPlaceOnEventList  tasks.o
    0x0800433c   0x0800433c   0x00000088   Code   RO         3884    i.vTaskStartScheduler  tasks.o
    0x080043c4   0x080043c4   0x00000010   Code   RO         3886    i.vTaskSuspendAll   tasks.o
    0x080043d4   0x080043d4   0x00000060   Code   RO         3887    i.vTaskSwitchContext  tasks.o
    0x08004434   0x08004434   0x000000b4   Code   RO         4627    i.xPortStartScheduler  port.o
    0x080044e8   0x080044e8   0x00000044   Code   RO         3537    i.xQueueGenericCreate  queue.o
    0x0800452c   0x0800452c   0x00000070   Code   RO         3538    i.xQueueGenericCreateStatic  queue.o
    0x0800459c   0x0800459c   0x00000090   Code   RO         3539    i.xQueueGenericReset  queue.o
    0x0800462c   0x0800462c   0x00000170   Code   RO         3540    i.xQueueGenericSend  queue.o
    0x0800479c   0x0800479c   0x000000be   Code   RO         3541    i.xQueueGenericSendFromISR  queue.o
    0x0800485a   0x0800485a   0x00000002   PAD
    0x0800485c   0x0800485c   0x00000148   Code   RO         3547    i.xQueueReceive     queue.o
    0x080049a4   0x080049a4   0x0000009a   Code   RO         3548    i.xQueueReceiveFromISR  queue.o
    0x08004a3e   0x08004a3e   0x00000002   PAD
    0x08004a40   0x08004a40   0x00000080   Code   RO         3889    i.xTaskCheckForTimeOut  tasks.o
    0x08004ac0   0x08004ac0   0x0000006c   Code   RO         3890    i.xTaskCreate       tasks.o
    0x08004b2c   0x08004b2c   0x00000060   Code   RO         3891    i.xTaskCreateStatic  tasks.o
    0x08004b8c   0x08004b8c   0x0000001c   Code   RO         3895    i.xTaskGetSchedulerState  tasks.o
    0x08004ba8   0x08004ba8   0x000000d4   Code   RO         3898    i.xTaskIncrementTick  tasks.o
    0x08004c7c   0x08004c7c   0x0000009c   Code   RO         3901    i.xTaskPriorityDisinherit  tasks.o
    0x08004d18   0x08004d18   0x00000078   Code   RO         3903    i.xTaskRemoveFromEventList  tasks.o
    0x08004d90   0x08004d90   0x000000cc   Code   RO         3904    i.xTaskResumeAll    tasks.o
    0x08004e5c   0x08004e5c   0x0000002c   Code   RO         4887    locale$$code        c_w.l(lc_numeric_c.o)
    0x08004e88   0x08004e88   0x0000002c   Code   RO         4908    locale$$code        c_w.l(lc_ctype_c.o)
    0x08004eb4   0x08004eb4   0x00000004   Code   RO         4809    x$fpl$printf1       fz_ws.l(printf1.o)
    0x08004eb8   0x08004eb8   0x00000004   Code   RO         4811    x$fpl$printf2       fz_ws.l(printf2.o)
    0x08004ebc   0x08004ebc   0x00000000   Code   RO         4899    x$fpl$usenofp       fz_ws.l(usenofp.o)
    0x08004ebc   0x08004ebc   0x00000048   Data   RO          254    .constdata          freertos.o
    0x08004f04   0x08004f04   0x00000012   Data   RO         1753    .constdata          stm32f1xx_hal_rcc.o
    0x08004f16   0x08004f16   0x00000010   Data   RO         3344    .constdata          system_stm32f1xx.o
    0x08004f26   0x08004f26   0x00000008   Data   RO         3345    .constdata          system_stm32f1xx.o
    0x08004f2e   0x08004f2e   0x00000002   PAD
    0x08004f30   0x08004f30   0x00000008   Data   RO         4735    .constdata          c_w.l(_printf_wctomb.o)
    0x08004f38   0x08004f38   0x00000028   Data   RO         4764    .constdata          c_w.l(_printf_hex_int_ll_ptr.o)
    0x08004f60   0x08004f60   0x00000011   Data   RO         4784    .constdata          c_w.l(__printf_flags_ss_wp.o)
    0x08004f71   0x08004f71   0x00000026   Data   RO         4839    .constdata          c_w.l(_printf_fp_hex.o)
    0x08004f97   0x08004f97   0x00000001   PAD
    0x08004f98   0x08004f98   0x00000094   Data   RO         4862    .constdata          c_w.l(bigflt0.o)
    0x0800502c   0x0800502c   0x00000019   Data   RO          255    .conststring        freertos.o
    0x08005045   0x08005045   0x00000003   PAD
    0x08005048   0x08005048   0x00000020   Data   RO         5034    Region$$Table       anon$$obj.o
    0x08005068   0x08005068   0x0000001c   Data   RO         4886    locale$$data        c_w.l(lc_numeric_c.o)
    0x08005084   0x08005084   0x00000110   Data   RO         4907    locale$$data        c_w.l(lc_ctype_c.o)


    Execution Region RW_IRAM1 (Exec base: 0x20000000, Load base: 0x08005194, Size: 0x000017c8, Max: 0x00005000, ABSOLUTE)

    Exec Addr    Load Addr    Size         Type   Attr      Idx    E Section Name        Object

    0x20000000   0x08005194   0x00000001   Data   RW           20    .data               main.o
    0x20000001   0x08005195   0x00000003   PAD
    0x20000004   0x08005198   0x00000018   Data   RW          256    .data               freertos.o
    0x2000001c   0x080051b0   0x0000000c   Data   RW         1590    .data               stm32f1xx_hal.o
    0x20000028   0x080051bc   0x00000004   Data   RW         3346    .data               system_stm32f1xx.o
    0x2000002c   0x080051c0   0x0000003c   Data   RW         3907    .data               tasks.o
    0x20000068   0x080051fc   0x00000020   Data   RW         4560    .data               heap_4.o
    0x20000088   0x0800521c   0x0000000c   Data   RW         4628    .data               port.o
    0x20000094        -       0x00000064   Zero   RW           19    .bss                main.o
    0x200000f8        -       0x00000254   Zero   RW          253    .bss                freertos.o
    0x2000034c        -       0x00000054   Zero   RW          336    .bss                i2c.o
    0x200003a0        -       0x0000008c   Zero   RW          378    .bss                usart.o
    0x2000042c        -       0x00000048   Zero   RW          520    .bss                stm32f1xx_hal_timebase_tim.o
    0x20000474        -       0x000000f0   Zero   RW         3906    .bss                tasks.o
    0x20000564        -       0x00000c00   Zero   RW         4559    .bss                heap_4.o
    0x20001164        -       0x00000060   Zero   RW         4903    .bss                c_w.l(libspace.o)
    0x200011c4   0x08005228   0x00000004   PAD
    0x200011c8        -       0x00000200   Zero   RW            2    HEAP                startup_stm32f103xb.o
    0x200013c8        -       0x00000400   Zero   RW            1    STACK               startup_stm32f103xb.o


==============================================================================

Image component sizes


      Code (inc. data)   RO Data    RW Data    ZI Data      Debug   Object Name

       460         10          0          0          0      29791   cmsis_os.o
        44          4          0          0          0        734   dma.o
         0          0          0          0          0      20000   event_groups.o
       508        100         97         24        596       4086   freertos.o
       136         14          0          0          0        875   gpio.o
       504         32          0         32       3072       7403   heap_4.o
       176         30          0          0         84       1617   i2c.o
       144          0          0          0          0       3366   list.o
       294         30          0          1        100     470186   main.o
       686         72          0         12          0      11077   port.o
      1694         18          0          0          0      17849   queue.o
        64         26        236          0       1536        800   startup_stm32f103xb.o
        64         14          0         12          0       4574   stm32f1xx_hal.o
       158         14          0          0          0      28130   stm32f1xx_hal_cortex.o
       808         36          0          0          0       4910   stm32f1xx_hal_dma.o
       500         34          0          0          0       3471   stm32f1xx_hal_gpio.o
       392         16          0          0          0       3187   stm32f1xx_hal_i2c.o
        72         10          0          0          0        850   stm32f1xx_hal_msp.o
      1304         94         18          0          0       5657   stm32f1xx_hal_rcc.o
       612         24          0          0          0       7056   stm32f1xx_hal_tim.o
         4          0          0          0          0       1545   stm32f1xx_hal_tim_ex.o
       152         20          0          0         72       1443   stm32f1xx_hal_timebase_tim.o
      1508         24          0          0          0      11516   stm32f1xx_hal_uart.o
        48         18          0          0          0       3806   stm32f1xx_it.o
         0          0          0          0          0        392   stream_buffer.o
         2          0         24          4          0       1083   system_stm32f1xx.o
      2142        186          0         60        240      25320   tasks.o
       248         34          0          0        140       1777   usart.o

    ----------------------------------------------------------------------
     12752        860        412        148       5840     672501   Object Totals
         0          0         32          0          0          0   (incl. Generated)
        28          0          5          3          0          0   (incl. Padding)

    ----------------------------------------------------------------------

      Code (inc. data)   RO Data    RW Data    ZI Data      Debug   Library Member Name

         8          0          0          0          0         68   __main.o
       392          4         17          0          0         92   __printf_flags_ss_wp.o
        14          0          0          0          0         68   __printf_wp.o
         0          0          0          0          0          0   __rtentry.o
        12          0          0          0          0          0   __rtentry2.o
         6          0          0          0          0          0   __rtentry4.o
        52          8          0          0          0          0   __scatter.o
        26          0          0          0          0          0   __scatter_copy.o
        28          0          0          0          0          0   __scatter_zi.o
         6          0          0          0          0          0   _printf_a.o
         6          0          0          0          0          0   _printf_c.o
        44          0          0          0          0        108   _printf_char.o
        48          6          0          0          0         96   _printf_char_common.o
        40          0          0          0          0         68   _printf_charcount.o
         6          0          0          0          0          0   _printf_d.o
       120         16          0          0          0         92   _printf_dec.o
         6          0          0          0          0          0   _printf_e.o
         6          0          0          0          0          0   _printf_f.o
      1054          0          0          0          0        216   _printf_fp_dec.o
       764          8         38          0          0        100   _printf_fp_hex.o
       128         16          0          0          0         84   _printf_fp_infnan.o
         6          0          0          0          0          0   _printf_g.o
       148          4         40          0          0        160   _printf_hex_int_ll_ptr.o
         6          0          0          0          0          0   _printf_i.o
       178          0          0          0          0         88   _printf_intcommon.o
        10          0          0          0          0          0   _printf_l.o
         6          0          0          0          0          0   _printf_lc.o
        10          0          0          0          0          0   _printf_ll.o
         6          0          0          0          0          0   _printf_lld.o
         6          0          0          0          0          0   _printf_lli.o
         6          0          0          0          0          0   _printf_llo.o
         6          0          0          0          0          0   _printf_llu.o
         6          0          0          0          0          0   _printf_llx.o
       124         16          0          0          0         92   _printf_longlong_dec.o
         6          0          0          0          0          0   _printf_ls.o
         6          0          0          0          0          0   _printf_n.o
         6          0          0          0          0          0   _printf_o.o
       112         10          0          0          0        124   _printf_oct_int_ll.o
         6          0          0          0          0          0   _printf_p.o
        78          0          0          0          0        108   _printf_pad.o
         0          0          0          0          0          0   _printf_percent.o
         4          0          0          0          0          0   _printf_percent_end.o
         6          0          0          0          0          0   _printf_s.o
        82          0          0          0          0         80   _printf_str.o
        36          0          0          0          0         84   _printf_truncate.o
         6          0          0          0          0          0   _printf_u.o
        44          0          0          0          0        108   _printf_wchar.o
       188          6          8          0          0         92   _printf_wctomb.o
         6          0          0          0          0          0   _printf_x.o
        16          0          0          0          0         68   _snputc.o
        10          0          0          0          0         68   _sputc.o
        64          0          0          0          0         92   _wcrtomb.o
       228          4        148          0          0         96   bigflt0.o
      1936        128          0          0          0        672   btod.o
        18          0          0          0          0         80   exit.o
         6          0          0          0          0        152   heapauxi.o
         0          0          0          0          0          0   indicate_semi.o
        44         10        272          0          0         76   lc_ctype_c.o
        44         10         28          0          0         76   lc_numeric_c.o
         2          0          0          0          0          0   libinit.o
        30          0          0          0          0          0   libinit2.o
         2          0          0          0          0          0   libshutdown.o
         2          0          0          0          0          0   libshutdown2.o
         8          4          0          0         96         68   libspace.o
       138          0          0          0          0         80   lludiv10.o
        16          4          0          0          0         76   rt_ctype_table.o
         8          4          0          0          0         68   rt_locale_intlibspace.o
        68          0          0          0          0         68   rt_memclr.o
        78          0          0          0          0         80   rt_memclr_w.o
       138          0          0          0          0         68   rt_memcpy_v6.o
       100          0          0          0          0         80   rt_memcpy_w.o
         2          0          0          0          0          0   rtexit.o
        10          0          0          0          0          0   rtexit2.o
       128          0          0          0          0         68   strcmpv7m.o
        12          4          0          0          0         68   sys_exit.o
        74          0          0          0          0         80   sys_stackheap_outer.o
         2          0          0          0          0         68   use_no_semi.o
        52          4          0          0          0         80   vsnprintf.o
         4          0          0          0          0         68   printf1.o
         4          0          0          0          0         68   printf2.o
         0          0          0          0          0          0   usenofp.o
        40          0          0          0          0         68   fpclassify.o

    ----------------------------------------------------------------------
      7168        266        552          0        100       4464   Library Totals
        14          0          1          0          4          0   (incl. Padding)

    ----------------------------------------------------------------------

      Code (inc. data)   RO Data    RW Data    ZI Data      Debug   Library Name

      7106        266        551          0         96       4260   c_w.l
         8          0          0          0          0        136   fz_ws.l
        40          0          0          0          0         68   m_ws.l

    ----------------------------------------------------------------------
      7168        266        552          0        100       4464   Library Totals

    ----------------------------------------------------------------------

==============================================================================


      Code (inc. data)   RO Data    RW Data    ZI Data      Debug   

     19920       1126        964        148       5940     667445   Grand Totals
     19920       1126        964        148       5940     667445   ELF Image Totals
     19920       1126        964        148          0          0   ROM Totals

==============================================================================

    Total RO  Size (Code + RO Data)                20884 (  20.39kB)
    Total RW  Size (RW Data + ZI Data)              6088 (   5.95kB)
    Total ROM Size (Code + RO Data + RW Data)      21032 (  20.54kB)

==============================================================================

